[geos.market/index.html]
[backblue.gif]
[fade.gif]
[index.html]
[geos.market/feed/index.html]
[geos.market/wp-json/oembed/1.0/embede39d.json]
[geos.market/comments/feed/index.html]
[geos.market/wp-json/oembed/1.0/embedf0ae]
[geos.market/wp-content/plugins/the-hanger-extender/includes/gbt-blocks/posts_grid/assets/css/style7130.css]
[geos.market/wp-content/plugins/the-hanger-extender/includes/vendor/swiper/css/swiper.minaec2.css]
[geos.market/wp-content/plugins/the-hanger-extender/includes/gbt-blocks/slider/assets/css/frontend/style7130.css]
[geos.market/wp-content/plugins/hookmeup/public/assets/css/hmu-public1576.css]
[geos.market/wp-content/plugins/woocommerce-request-a-quote/assets/css/afrfq_front4963.css]
[geos.market/wp-content/plugins/woocommerce-request-a-quote/assets/css/jquery.modal.min5152.css]
[geos.market/wp-includes/css/dashicons.minb34e.css]
[geos.market/wp-content/plugins/tilopay/assets/css/jquery.modal.min5067.css]
[geos.market/wp-content/plugins/tilopay/assets/css/admin5067.css]
[geos.market/wp-content/plugins/tilopay/assets/css/tilopay-config-payment-front5067.css]
[geos.market/wp-content/themes/the-hanger/inc/fonts/thehanger-icons/styleba3a.css]
[geos.market/wp-content/plugins/woocommerce/assets/css/select267b1.css]
[geos.market/wp-content/themes/the-hanger/inc/_vendor/motion-ui/css/motion-uib95e.css]
[geos.market/wp-content/themes/the-hanger/css/stylesba3a.css]
[geos.market/wp-content/plugins/the-hanger-extender/includes/widgets/assets/css/widget-product-categories-with-iconb34e.css]
[geos.market/wp-content/plugins/the-hanger-extender/includes/social-media/assets/css/social-mediab34e.css]
[geos.market/wp-content/plugins/the-hanger-extender/includes/social-sharing/assets/css/social-sharingb34e.css]
[geos.market/wp-content/plugins/the-hanger-extender/includes/widgets/assets/css/widget-ecommerce-infob34e.css]
[geos.market/wp-content/plugins/js_composer/assets/css/js_composer.minbdeb.css]
[geos.market/wp-content/themes/the-hanger/inc/fonts/defaultba3a.css]
[geos.market/wp-includes/js/jquery/jquery.minf43b.js]
[geos.market/wp-includes/js/jquery/jquery-migrate.min5589.js]
[geos.market/wp-content/plugins/the-hanger-extender/includes/gbt-blocks/slider/assets/js/sliderb34e.js]
[geos.market/wp-content/plugins/woocommerce/assets/js/jquery-blockui/jquery.blockUI.minb154.js]
[geos.market/wp-content/plugins/woocommerce/assets/js/frontend/add-to-cart.min67b1.js]
[geos.market/wp-content/plugins/tilopay/assets/js/checkout5067.js]
[geos.market/wp-content/plugins/tilopay/assets/js/jquery.modal.min5067.js]
[geos.market/wp-content/plugins/js_composer/assets/js/vendors/woocommerce-add-to-cartbdeb.js]
[geos.market/wp-content/plugins/the-hanger-extender/includes/widgets/assets/js/widget-product-categories-with-iconb34e.js]
[geos.market/wp-json/wp/v2/pages/156.json]
[geos.market/wp-json/index.html]
[geos.market/wp-content/uploads/2022/08/cropped-geos-market-favicon2-32x32.png]
[geos.market/wp-content/uploads/2022/08/cropped-geos-market-favicon2-192x192.png]
[geos.market/wp-content/uploads/2022/08/cropped-geos-market-favicon2-180x180.png]
[geos.market/wp-content/plugins/revslider/public/assets/css/rs65bdf.css]
[geos.market/wp-content/uploads/2022/08/geos-market-logo-512x300-1.png]
[geos.market/wp-content/uploads/2022/09/Captura-de-pantalla-2022-09-05-a-las-16.33.45-e1662417938828.png]
[geos.market/wp-content/uploads/2022/08/geos-market-favicon2.png]
[geos.market/wp-content/plugins/revslider/public/assets/assets/dummy.png]
[geos.market/cart/index.html]
[geos.market/my-account/index.html]
[geos.market/wp-content/uploads/2022/08/pds-2000_Mesa-de-trabajo-1.png]
[geos.market/wp-content/uploads/2022/08/AC-TRIPODE-NAT-81CT-1-768x768.png]
[geos.market/wp-content/uploads/2022/08/ET-N1-1-768x768.png]
[geos.market/wp-content/uploads/2022/08/G3-1.png]
[geos.market/categoria-producto/topograficos/index.html]
[geos.market/wp-content/uploads/2022/08/ET-H6-1.png]
[geos.market/contact/index.html]
[geos.market/wp-content/uploads/2022/08/S1.png]
[geos.market/wp-content/uploads/2022/08/NET-S9-4.png]
[geos.market/wp-content/uploads/2022/08/PD58.png]
[geos.market/categoria-producto/topograficos/acsesorios-topograficos/index.html]
[geos.market/wp-content/uploads/2022/08/ECO-PRO..png]
[geos.market/wp-content/uploads/2022/08/imajbox-3.png]
[geos.market/wp-content/uploads/2022/09/HC-342H-Hybrid-Power-UAV_2.png]
[geos.market/wp-content/uploads/2022/08/LT83_Mesa-de-trabajo-1.png]
[geos.market/wp-content/uploads/2022/08/BL6000PRO_Mesa-de-trabajo-1.png]
[geos.market/wp-content/uploads/2022/08/Echotrac-E20_KIT_no-dell_Mesa-de-trabajo-1.png]
[geos.market/categoria-producto/topograficos/estaciones-totales/index.html]
[geos.market/wp-content/uploads/2022/08/SeaBat-T20-wet-end-Black-bracket_Mesa-de-trabajo-1.png]
[geos.market/wp-content/uploads/2022/08/POSEIDON-SU30-1.png]
[geos.market/wp-content/uploads/2022/08/svp70_Mesa-de-trabajo-1.png]
[geos.market/categoria-producto/topograficos/receptores-gnss/index.html]
[geos.market/categoria-producto/topograficos/colectores/index.html]
[geos.market/wp-content/plugins/revslider/public/assets/fonts/revicons/revicons90c6.woff]
[geos.market/wp-content/plugins/the-hanger-extender/includes/vendor/swiper/js/swiper-bundle.minaec2.js]
[geos.market/categoria-producto/topograficos/radios-externos-e-inteligentes/index.html]
[geos.market/categoria-producto/topograficos/estaciones-de-referencia-cors/index.html]
[geos.market/wp-content/plugins/revslider/public/assets/js/rbtools.min5bdf.js]
[geos.market/wp-content/plugins/revslider/public/assets/js/rs6.min5bdf.js]
[geos.market/wp-content/plugins/woocommerce-request-a-quote/assets/js/jquery.modal.min5152.js]
[geos.market/wp-content/plugins/woocommerce-request-a-quote/assets/js/afrfq_front4e44.js]
[www.google.com/recaptcha/api5152.js]
[geos.market/categoria-producto/topograficos/distanciometros/index.html]
[geos.market/categoria-producto/topograficos/drones-aereo/index.html]
[geos.market/categoria-producto/hidrologia/index.html]
[geos.market/wp-content/plugins/woocommerce/assets/js/js-cookie/js.cookie.mind75a.js]
[geos.market/wp-content/plugins/woocommerce/assets/js/frontend/woocommerce.min67b1.js]
[geos.market/wp-content/plugins/woocommerce/assets/js/frontend/cart-fragments.min67b1.js]
[geos.market/wp-content/plugins/woocommerce/assets/js/select2/select2.full.mine4b6.js]
[geos.market/categoria-producto/hidrologia/ecosonda-monohaz/index.html]
[geos.market/categoria-producto/hidrologia/ecosonda-multihaz/index.html]
[geos.market/wp-content/plugins/js_composer/assets/lib/flexslider/jquery.flexslider.minbdeb.js]
[geos.market/categoria-producto/hidrologia/drone-acuatico/index.html]
[geos.market/wp-content/plugins/woocommerce/assets/js/frontend/single-product.min67b1.js]
[geos.market/categoria-producto/hidrologia/perfilador-sonido/index.html]
[geos.market/wp-includes/js/underscore.min3ab8.js]
[geos.market/wp-includes/js/wp-util.minb34e.js]
[geos.market/wp-content/plugins/woocommerce/assets/js/frontend/add-to-cart-variation.min67b1.js]
[geos.market/categoria-producto/equipos-rugged-2/index.html]
[geos.market/wp-content/themes/the-hanger/inc/_vendor/foundation/dist/js/foundation.min84fc.js]
[geos.market/wp-content/themes/the-hanger/inc/_vendor/jquery-visible/jquery.visible7359.js]
[geos.market/wp-includes/js/imagesloaded.minbb93.js]
[geos.market/wp-content/themes/the-hanger/inc/_vendor/scrollTo/jquery.scrollTo.min431f.js]
[geos.market/categoria-producto/equipos-rugged-2/tabletas-rugged/index.html]
[geos.market/wp-content/themes/the-hanger/inc/_vendor/hoverIntent/jquery.hoverIntent.min8162.js]
[geos.market/wp-content/themes/the-hanger/inc/_vendor/mojs/mo.minf29f.js]
[geos.market/wp-content/themes/the-hanger/inc/_vendor/anime/anime.min3601.js]
[geos.market/wp-content/plugins/js_composer/assets/js/dist/js_composer_front.minbdeb.js]
[geos.market/wp-content/themes/the-hanger/js/scripts-distba3a.js]
[geos.market/index.html]
[geos.market/xmlrpc.html]
[geos.market/wp-content/plugins/the-hanger-extender/includes/gbt-blocks/posts_grid/assets/css/style7130.css]
[geos.market/categoria-producto/equipos-rugged-2/telefonos-rugged/index.html]
[geos.market/wp-content/plugins/the-hanger-extender/includes/vendor/swiper/css/swiper.minaec2.css]
[geos.market/categoria-producto/drones/imajing-box/index.html]
[geos.market/categoria-producto/drones/index.html]
[geos.market/categoria-producto/drones/drones-lidar/index.html]
[geos.market/wp-content/plugins/the-hanger-extender/includes/gbt-blocks/slider/assets/css/frontend/style7130.css]
[geos.market/categoria-producto/drones/drones-manual-multirotor/index.html]
[geos.market/categoria-producto/drones/lidar/index.html]
[geos.market/categoria-producto/drones/mapeo/index.html]
[geos.market/wp-content/plugins/hookmeup/public/assets/css/hmu-public1576.css]
[geos.market/categoria-producto/software/index.html]
[geos.market/categoria-producto/software/maptrack/index.html]
[geos.market/wp-content/plugins/woocommerce-request-a-quote/assets/css/afrfq_front4963.css]
[geos.market/categoria-producto/software/imajing-3d-pro/index.html]
[geos.market/categoria-producto/software/hypack/index.html]
[geos.market/categoria-producto/software/pds2000-teledyne/index.html]
[geos.market/wp-content/plugins/woocommerce-request-a-quote/assets/css/jquery.modal.min5152.css]
[geos.market/categoria-producto/software/blue-marble/index.html]
[geos.market/categoria-producto/software/south/index.html]
[geos.market/wp-includes/fonts/dashicons7d4b.eot]
[geos.market/categoria-producto/software/android/index.html]
[geos.market/categoria-producto/software/windows/index.html]
[geos.market/categoria-producto/software/geo5/index.html]
[geos.market/wp-includes/css/dashicons.minb34e.css]
[geos.market/wp-includes/fonts/dashicons7d4b.ttf]
[geos.market/wp-content/plugins/tilopay/assets/css/jquery.modal.min5067.css]
[geos.market/wp-content/plugins/tilopay/assets/css/admin5067.css]
[geos.market/categoria-producto/servicios-por-demanda/index.html]
[geos.market/wp-content/plugins/tilopay/assets/css/tilopay-config-payment-front5067.css]
[geos.market/categoria-producto/servicios-por-demanda/lavantamientos-rtk/index.html]
[geos.market/categoria-producto/servicios-por-demanda/batimetria/index.html]
[geos.market/categoria-producto/servicios-por-demanda/sistemas-de-informacion-geografica/index.html]
[geos.market/categoria-producto/cuido-personal/index.html]
[geos.market/wp-content/themes/the-hanger/inc/fonts/thehanger-icons/fonts/the-hangerae05.woff2]
[geos.market/categoria-producto/sanitarios/index.html]
[geos.market/categoria-producto/sanitarios/inodoros/index.html]
[geos.market/wp-content/themes/the-hanger/inc/fonts/thehanger-icons/fonts/the-hangerae05.ttf]
[geos.market/wp-content/themes/the-hanger/inc/fonts/thehanger-icons/fonts/the-hangerae05.woff]
[geos.market/wp-content/themes/the-hanger/inc/fonts/thehanger-icons/styleba3a.css]
[geos.market/wp-content/themes/the-hanger/inc/fonts/thehanger-icons/fonts/the-hangerae05.svg]
[geos.market/wp-content/plugins/woocommerce/assets/css/select267b1.css]
[geos.market/categoria-producto/sanitarios/lava-manos/index.html]
[geos.market/categoria-producto/sanitarios/encimeras/index.html]
[geos.market/producto/geo5/index.html]
[geos.market/wp-content/themes/the-hanger/inc/_vendor/motion-ui/css/motion-uib95e.css]
[geos.market/wp-content/themes/the-hanger/css/stylesba3a.css]
[geos.market/wp-content/plugins/the-hanger-extender/includes/widgets/assets/css/widget-product-categories-with-iconb34e.css]
[geos.market/wp-content/plugins/the-hanger-extender/includes/social-media/assets/css/social-mediab34e.css]
[geos.market/wp-content/plugins/the-hanger-extender/includes/social-sharing/assets/css/social-sharingb34e.css]
[geos.market/wp-content/plugins/the-hanger-extender/includes/widgets/assets/css/widget-ecommerce-infob34e.css]
[geos.market/shop/index.html]
[geos.market/request-a-quote/index.html]
[geos.market/wp-content/plugins/js_composer/assets/vc/alert.png]
[geos.market/wp-content/plugins/js_composer/assets/vc/info.png]
[geos.market/wp-content/plugins/js_composer/assets/vc/tick.png]
[geos.market/wp-content/plugins/js_composer/assets/vc/exclamation.png]
[geos.market/wp-content/plugins/js_composer/assets/images/icons/address-book.png]
[geos.market/wp-content/plugins/js_composer/assets/images/icons/alarm-clock.png]
[geos.market/wp-content/plugins/js_composer/assets/images/icons/anchor.png]
[geos.market/wp-content/plugins/js_composer/assets/images/icons/application-image.png]
[geos.market/wp-content/plugins/js_composer/assets/images/icons/arrow.png]
[geos.market/wp-content/plugins/js_composer/assets/images/icons/asterisk.png]
[geos.market/wp-content/plugins/js_composer/assets/images/icons/auction-hammer.png]
[geos.market/wp-content/plugins/js_composer/assets/images/icons/balloon.png]
[geos.market/wp-content/plugins/js_composer/assets/images/icons/balloon-buzz.png]
[geos.market/wp-content/plugins/js_composer/assets/images/icons/balloon-facebook.png]
[geos.market/wp-content/plugins/js_composer/assets/images/icons/balloon-twitter.png]
[geos.market/wp-content/plugins/js_composer/assets/images/icons/battery-full.png]
[geos.market/wp-content/plugins/js_composer/assets/images/icons/binocular.png]
[geos.market/wp-content/plugins/js_composer/assets/images/icons/blue-document-excel.png]
[geos.market/wp-content/plugins/js_composer/assets/images/icons/blue-document-image.png]
[geos.market/wp-content/plugins/js_composer/assets/images/icons/blue-document-music.png]
[geos.market/wp-content/plugins/js_composer/assets/images/icons/blue-document-office.png]
[geos.market/wp-content/plugins/js_composer/assets/images/icons/blue-document-pdf.png]
[geos.market/wp-content/plugins/js_composer/assets/images/icons/blue-document-powerpoint.png]
[geos.market/wp-content/plugins/js_composer/assets/images/icons/blue-document-word.png]
[geos.market/wp-content/plugins/js_composer/assets/images/icons/bookmark.png]
[geos.market/wp-content/plugins/js_composer/assets/images/icons/camcorder.png]
[geos.market/wp-content/plugins/js_composer/assets/images/icons/camera.png]
[geos.market/wp-content/plugins/js_composer/assets/images/icons/chart.png]
[geos.market/wp-content/plugins/js_composer/assets/images/icons/chart-pie.png]
[geos.market/wp-content/plugins/js_composer/assets/images/icons/clock.png]
[geos.market/wp-content/plugins/js_composer/assets/images/icons/control.png]
[geos.market/wp-content/plugins/js_composer/assets/images/icons/fire.png]
[geos.market/wp-content/plugins/js_composer/assets/images/icons/heart.png]
[geos.market/wp-content/plugins/js_composer/assets/images/icons/mail.png]
[geos.market/wp-content/plugins/js_composer/assets/images/icons/plus-shield.png]
[geos.market/wp-content/plugins/js_composer/assets/images/icons/video.png]
[geos.market/wp-content/plugins/js_composer/assets/fonts/vc_icons_v2/fonts/vcpb-plugin-iconsb82a.eot]
[geos.market/wp-content/plugins/js_composer/assets/fonts/vc_icons_v2/fonts/vcpb-plugin-iconsb82a.ttf]
[geos.market/wp-content/plugins/js_composer/assets/fonts/vc_icons_v2/fonts/vcpb-plugin-iconsb82a.woff]
[geos.market/wp-content/plugins/js_composer/assets/fonts/vc_icons_v2/fonts/vcpb-plugin-iconsb82a.svg]
[geos.market/wp-content/plugins/js_composer/assets/images/toggle_open.png]
[geos.market/wp-content/plugins/js_composer/assets/images/toggle_close.png]
[geos.market/wp-content/plugins/js_composer/assets/images/flickr.png]
[geos.market/wp-content/plugins/js_composer/assets/fonts/vc_grid/vc_grid_v157a1.eot]
[geos.market/wp-content/plugins/js_composer/assets/fonts/vc_grid/vc_grid_v1d41d.eot]
[geos.market/wp-content/plugins/js_composer/assets/fonts/vc_grid/vc_grid_v157a1.woff]
[geos.market/wp-content/plugins/js_composer/assets/fonts/vc_grid/vc_grid_v157a1.ttf]
[geos.market/wp-content/plugins/js_composer/assets/fonts/vc_grid/vc_grid_v157a1.svg]
[geos.market/wp-content/plugins/js_composer/assets/images/spinner.gif]
[geos.market/wp-content/plugins/js_composer/assets/vc/remove.png]
[geos.market/wp-content/plugins/js_composer/assets/css/js_composer.minbdeb.css]
[geos.market/wp-content/themes/the-hanger/inc/fonts/neueeinstellung/NeueEinstellung-Normal.eot]
[geos.market/wp-content/themes/the-hanger/inc/fonts/neueeinstellung/NeueEinstellung-Normald41d.eot]
[geos.market/wp-content/themes/the-hanger/inc/fonts/neueeinstellung/NeueEinstellung-Normal.woff]
[geos.market/wp-content/themes/the-hanger/inc/fonts/neueeinstellung/NeueEinstellung-Medium.eot]
[geos.market/wp-content/themes/the-hanger/inc/fonts/neueeinstellung/NeueEinstellung-Mediumd41d.eot]
[geos.market/wp-content/themes/the-hanger/inc/fonts/neueeinstellung/NeueEinstellung-Medium.woff]
[geos.market/wp-content/themes/the-hanger/inc/fonts/defaultba3a.css]
[geos.market/xmlrpc0db0.html]
[geos.market/wp-content/fonts/libre-franklin/font.html]
[geos.market/wp-content/plugins/revslider/public/assets/fonts/revicons/revicons90c6.eot]
[geos.market/wp-content/plugins/revslider/public/assets/fonts/revicons/revicons90c6.ttf]
[geos.market/wp-content/plugins/revslider/public/assets/fonts/revicons/revicons90c6.svg]
[geos.market/wp-content/plugins/revslider/public/assets/css/openhand.cur]
[geos.market/wp-content/plugins/revslider/public/assets/css/closedhand.cur]
[geos.market/wp-content/plugins/revslider/public/assets/assets/gridtile.png]
[geos.market/wp-content/plugins/revslider/public/assets/assets/gridtile_white.png]
[geos.market/wp-content/plugins/revslider/public/assets/assets/gridtile_3x3.png]
[geos.market/wp-content/plugins/revslider/public/assets/assets/gridtile_3x3_white.png]
[geos.market/wp-content/plugins/revslider/public/assets/assets/coloredbg.png]
[geos.market/wp-content/plugins/revslider/public/assets/assets/loader.gif]
[geos.market/wp-content/plugins/revslider/public/assets/css/rs65bdf.css]
[geos.market/wp-json/oembed/1.0/embed77e4.json]
[geos.market/wp-json/oembed/1.0/embed13b5]
[geos.market/wp-json/wp/v2/pages/55.json]
[geos.market/my-account/index.html]
[geos.market/wp-content/plugins/woocommerce/assets/js/selectWoo/selectWoo.full.min6dfa.js]
[geos.market/my-account/lost-password/index.html]
[geos.market/wp-json/oembed/1.0/embed085c.json]
[geos.market/wp-json/oembed/1.0/embed0510]
[geos.market/wp-json/wp/v2/pages/53.json]
[geos.market/wp-content/plugins/woocommerce/assets/js/frontend/country-select.min67b1.js]
[geos.market/wp-content/plugins/woocommerce/assets/js/frontend/address-i18n.min67b1.js]
[geos.market/wp-content/plugins/woocommerce/assets/js/frontend/cart.min67b1.js]
[geos.market/cart/index.html]
[geos.market/wp-json/oembed/1.0/embedde88.json]
[geos.market/wp-json/oembed/1.0/embed7883]
[geos.market/wp-json/wp/v2/pages/80.json]
[geos.market/wp-content/plugins/js_composer/assets/lib/bower/font-awesome/css/v4-shims.minbdeb.css]
[geos.market/wp-content/plugins/js_composer/assets/lib/bower/font-awesome/css/all.minbdeb.css]
[geos.market/contact/index.html]
[geos.market/wp-json/wp/v2/product_cat/78.json]
[geos.market/wp-content/uploads/2022/08/AC-BASE-NIVELANTE-TJ10-1-330x413.png]
[geos.market/categoria-producto/topograficos/feed/index.html]
[geos.market/wp-content/uploads/2022/08/AC-BASTON-DE-ALUMINO-PS4.61-330x413.png]
[geos.market/categoria-producto/drones-mapeo-y-lidar/index.html]
[geos.market/wp-content/uploads/2022/08/AC-BASTON-DE-ALUMINO-PS4.6-330x413.png]
[geos.market/wp-content/uploads/2022/08/AC-CLS25-330x413.png]
[geos.market/categoria-producto/sin-categoria/index.html]
[geos.market/wp-content/uploads/2022/08/AC-BIPODE-ADS22-330x413.jpg]
[geos.market/wp-content/uploads/2022/08/BV6300-330x413.jpg]
[geos.market/wp-content/uploads/2024/02/Copia-de-Copia-de-Post-de-facebook-para-rebajas-de-verano-ilustrado-moderno-amarillo-330x413.jpg]
[geos.market/producto/base-nivelante-tj10/index.html]
[geos.market/wp-content/uploads/2024/02/WhatsApp-Image-2024-02-16-at-9.22.55-AM-330x413.jpg]
[geos.market/wp-content/uploads/2024/02/descarga.jpg]
[geos.market/producto/baston-de-alumino-ps4-6/index.html]
[geos.market/wp-content/uploads/2022/08/AC-ESTADIA-AGR3-1-330x413.png]
[geos.market/wp-content/uploads/2022/08/RIR-e1660839026373-330x413.png]
[geos.market/wp-content/uploads/2024/02/WhatsApp-Image-2024-02-16-at-9.17.11-AM-330x413.jpg]
[geos.market/wp-content/uploads/2022/08/AC-MINI-PRISMA-TPS-MINI-101-330x413.jpg]
[geos.market/categoria-producto/topograficos/index.html]
[geos.market/producto/baston-de-fibra-de-carbono-cls25/index.html]
[geos.market/producto/bipode-ads22/index.html]
[geos.market/wp-json/wp/v2/product_cat/82.json]
[geos.market/producto/blackview-bv6300pro/index.html]
[geos.market/wp-content/uploads/2022/08/AC-MINI-PRISMA-TPS-MINI-112B--330x413.png]
[geos.market/producto/bv-7100/index.html]
[geos.market/producto/bv-9300/index.html]
[geos.market/producto/ns30/index.html]
[geos.market/wp-content/uploads/2022/08/AC-MINI-PRISMA-TPS107-1-330x413.png]
[geos.market/wp-content/uploads/2022/08/AC-PRISMA-TK17T-330x413.png]
[geos.market/wp-content/uploads/2022/08/AC-TRIPODE-NAT-81CT-1-330x413.png]
[geos.market/categoria-producto/topograficos/acsesorios-topograficos/index.html]
[geos.market/producto/estadia-agr3/index.html]
[geos.market/producto/geos-telecomo-rir/index.html]
[geos.market/producto/h8/index.html]
[geos.market/producto/mini-prisma-tps-mini-101/index.html]
[geos.market/wp-json/wp/v2/product_cat/83.json]
[geos.market/categoria-producto/topograficos/page/2/index.html]
[geos.market/categoria-producto/topograficos/acsesorios-topograficos/feed/index.html]
[geos.market/wp-content/uploads/2022/08/ET-N1-1-330x413.png]
[geos.market/categoria-producto/topograficos/page/3/index.html]
[geos.market/wp-content/uploads/2022/08/ET-N6-1-330x413.png]
[geos.market/producto/mini-prisma-tps-mini-112b/index.html]
[geos.market/wp-content/uploads/2022/08/ET-N7-1-330x413.png]
[geos.market/wp-content/uploads/2022/08/ET-NAVI-1-330x413.png]
[geos.market/categoria-producto/topograficos/estaciones-totales/index.html]
[geos.market/producto/mini-prisma-tps107/index.html]
[geos.market/producto/prisma-tk17t/index.html]
[geos.market/producto/tripode-nat-81ct/index.html]
[geos.market/categoria-producto/topograficos/estaciones-totales/feed/index.html]
[geos.market/wp-json/wp/v2/product_cat/84.json]
[geos.market/wp-content/uploads/2024/02/689243a2-42e6-479a-a530-431e00db36bd-330x357.jpg]
[geos.market/producto/n1/index.html]
[geos.market/producto/n6/index.html]
[geos.market/wp-content/uploads/2024/02/DSC_0290-330x413.jpg]
[geos.market/producto/n7/index.html]
[geos.market/wp-content/uploads/2024/02/south-inno8-back-pic-800x800-1-330x413.jpg]
[geos.market/wp-content/uploads/2024/02/Insight-V2-5-330x413.png]
[geos.market/producto/navi/index.html]
[geos.market/wp-content/uploads/2022/08/G3-2-1-330x413.png]
[geos.market/categoria-producto/topograficos/receptores-gnss/feed/index.html]
[geos.market/wp-content/uploads/2022/08/G3-1-330x413.png]
[geos.market/wp-content/uploads/2022/08/G7-ENSAMBLAJE-330x413.png]
[geos.market/wp-content/uploads/2022/08/Galaxy-G7-330x413.png]
[geos.market/categoria-producto/topograficos/receptores-gnss/index.html]
[geos.market/producto/receptor-gnss-g4/index.html]
[geos.market/producto/receptor-g9/index.html]
[geos.market/wp-json/wp/v2/product_cat/85.json]
[geos.market/producto/receptor-gnss-inno8/index.html]
[geos.market/wp-content/uploads/2022/08/ET-H61-330x413.png]
[geos.market/producto/receptor-v2/index.html]
[geos.market/producto/alpha-geo-l8/index.html]
[geos.market/wp-content/uploads/2022/08/ET-H6-330x413.png]
[geos.market/categoria-producto/topograficos/colectores/index.html]
[geos.market/categoria-producto/topograficos/colectores/feed/index.html]
[geos.market/producto/g7/index.html]
[geos.market/producto/south-h6/index.html]
[geos.market/wp-json/wp/v2/product_cat/86.json]
[geos.market/categoria-producto/topograficos/radios-externos-e-inteligentes/feed/index.html]
[geos.market/wp-content/uploads/2024/02/WhatsApp-Image-2024-02-16-at-9.00.00-AM-330x413.jpg]
[geos.market/wp-content/uploads/2022/08/S1-330x413.png]
[geos.market/categoria-producto/topograficos/radios-externos-e-inteligentes/index.html]
[geos.market/wp-json/wp/v2/product_cat/87.json]
[geos.market/producto/s6/index.html]
[geos.market/categoria-producto/topograficos/estaciones-de-referencia-cors/feed/index.html]
[geos.market/wp-content/uploads/2024/02/WhatsApp-Image-2024-02-16-at-8.58.31-AM-330x413.jpg]
[geos.market/producto/south-s1/index.html]
[geos.market/wp-content/uploads/2022/08/South-CR-3-UHG-330x413.png]
[geos.market/categoria-producto/topograficos/estaciones-de-referencia-cors/index.html]
[geos.market/wp-json/wp/v2/product_cat/88.json]
[geos.market/categoria-producto/topograficos/distanciometros/feed/index.html]
[geos.market/wp-content/uploads/2022/08/PD520-330x413.png]
[geos.market/producto/s10-mini/index.html]
[geos.market/producto/south-cr3g3/index.html]
[geos.market/wp-content/uploads/2022/08/PD58-330x413.png]
[geos.market/categoria-producto/topograficos/distanciometros/index.html]
[geos.market/producto/south-pd-520n/index.html]
[geos.market/wp-json/wp/v2/product_cat/89.json]
[geos.market/wp-content/uploads/2022/08/ECO-330x413.png]
[geos.market/categoria-producto/topograficos/drones-aereo/feed/index.html]
[geos.market/producto/south-pd-58n/index.html]
[geos.market/wp-content/uploads/2022/08/ECO-PRO.-330x413.png]
[geos.market/categoria-producto/topograficos/drones-aereo/index.html]
[geos.market/wp-json/wp/v2/product_cat/77.json]
[geos.market/producto/serie-fly2map/index.html]
[geos.market/categoria-producto/hidrologia/feed/index.html]
[geos.market/wp-content/uploads/2022/09/MB-330x413.png]
[geos.market/wp-content/uploads/2022/08/POSEIDON-SU30-1-330x413.png]
[geos.market/wp-content/uploads/2022/08/sde28_Mesa-de-trabajo-1-330x413.png]
[geos.market/wp-content/uploads/2022/08/svp70_Mesa-de-trabajo-1-330x413.png]
[geos.market/producto/ecosonda-multihaz-mb2/index.html]
[geos.market/wp-content/uploads/2022/08/Echotrac-E20_KIT_no-dell_Mesa-de-trabajo-1-330x413.png]
[geos.market/producto/south-poseidon-su30/index.html]
[geos.market/wp-content/uploads/2022/08/SeaBat-T20-wet-end-Black-bracket_Mesa-de-trabajo-1-330x413.png]
[geos.market/producto/south-sde-28-south-survey-instruments/index.html]
[geos.market/wp-content/uploads/2024/07/wam-v-161-330x413.jpg]
[geos.market/wp-content/uploads/2024/07/wam-v16-330x413.jpg]
[geos.market/producto/teledyne-reson-svp-70/index.html]
[geos.market/wp-content/uploads/2024/07/wam-v-81-330x413.jpg]
[geos.market/wp-content/uploads/2024/07/wam-v8-330x413.jpg]
[geos.market/categoria-producto/hidrologia/index.html]
[geos.market/producto/380/index.html]
[geos.market/producto/teledyne-reson-sys-seabat-t20-p/index.html]
[geos.market/wp-json/wp/v2/product_cat/96.json]
[geos.market/categoria-producto/hidrologia/ecosonda-monohaz/index.html]
[geos.market/producto/wam-v-16/index.html]
[geos.market/categoria-producto/hidrologia/ecosonda-monohaz/feed/index.html]
[geos.market/producto/wam-v-8/index.html]
[geos.market/wp-json/wp/v2/product_cat/97.json]
[geos.market/categoria-producto/hidrologia/ecosonda-multihaz/index.html]
[geos.market/categoria-producto/hidrologia/ecosonda-multihaz/feed/index.html]
[geos.market/wp-json/wp/v2/product_cat/98.json]
[geos.market/categoria-producto/hidrologia/drone-acuatico/index.html]
[geos.market/categoria-producto/hidrologia/drone-acuatico/feed/index.html]
[geos.market/wp-json/wp/v2/product_cat/99.json]
[geos.market/categoria-producto/hidrologia/perfilador-sonido/index.html]
[geos.market/categoria-producto/hidrologia/perfilador-sonido/feed/index.html]
[geos.market/wp-json/wp/v2/product_cat/93.json]
[geos.market/categoria-producto/equipos-rugged-2/feed/index.html]
[geos.market/wp-content/uploads/2022/08/T71KF-330x413.jpg]
[geos.market/wp-content/uploads/2022/08/T71KM-1-330x413.png]
[geos.market/wp-content/uploads/2022/08/BL6000PRO_Mesa-de-trabajo-1-330x413.png]
[geos.market/wp-content/uploads/2022/08/BV6600PRO-330x413.png]
[geos.market/producto/geos-telecom-01/index.html]
[geos.market/wp-content/uploads/2022/08/BV8800-e1660846336902-330x413.jpg]
[geos.market/wp-content/uploads/2022/08/WR88H_Mesa-de-trabajo-1-330x413.png]
[geos.market/wp-content/uploads/2022/08/LT831-330x413.jpg]
[geos.market/wp-content/uploads/2022/08/LT83_Mesa-de-trabajo-1-330x413.png]
[geos.market/categoria-producto/equipos-rugged-2/index.html]
[geos.market/producto/rugged-bl6000-pro/index.html]
[geos.market/producto/rugged-bv6600-pro/index.html]
[geos.market/wp-json/wp/v2/product_cat/94.json]
[geos.market/categoria-producto/equipos-rugged-2/tabletas-rugged/index.html]
[geos.market/categoria-producto/equipos-rugged-2/tabletas-rugged/feed/index.html]
[geos.market/producto/rugged-bv8000-pro/index.html]
[geos.market/producto/rugged-technology/index.html]
[geos.market/producto/rugged-skyease/index.html]
[geos.market/wp-json/wp/v2/product_cat/95.json]
[geos.market/categoria-producto/equipos-rugged-2/telefonos-rugged/index.html]
[geos.market/categoria-producto/equipos-rugged-2/telefonos-rugged/feed/index.html]
[geos.market/wp-json/wp/v2/product_cat/79.json]
[geos.market/categoria-producto/drones/feed/index.html]
[geos.market/wp-content/uploads/2022/08/imajbox-360-e1660842984914-330x413.jpg]
[geos.market/wp-content/uploads/2022/08/imajing-330x413.png]
[geos.market/wp-content/uploads/2022/08/HC-140-Fixed-Wing-UAV-2-330x413.jpg]
[geos.market/wp-content/uploads/2022/08/HC-140-Fixed-Wing-UAV-e1660844267959-330x413.jpg]
[geos.market/producto/imajbox-360/index.html]
[geos.market/wp-content/uploads/2022/08/HC-321E-Electric-UAV-Special-for-Smart-Inspection-Airport-330x413.jpg]
[geos.market/wp-content/uploads/2022/08/HC-321E-Electric-UAV-Special-for-Smart-Inspection-Airport-2-e1660843733545-330x413.jpg]
[geos.market/wp-content/uploads/2022/08/HC-332E-Electric-Power-UAV-330x413.jpg]
[geos.market/producto/hc-140-fixed-wing-uav/index.html]
[geos.market/wp-content/uploads/2022/08/HC-332E-Electric-Power-UAV-2-e1660843956685-330x413.jpg]
[geos.market/wp-content/uploads/2022/08/HC-342H-Hybrid-Power-UAV-Foto-330x413.jpg]
[geos.market/wp-content/uploads/2022/08/HC-342H-Hybrid-Power-UAV.png]
[geos.market/wp-content/uploads/2022/08/HC-521H-2-330x413.jpg]
[geos.market/wp-content/uploads/2022/08/HC-521H-e1660844387118-330x413.jpg]
[geos.market/producto/lidar-hc-321e-electric-uav-special-for-smart-inspection-airport-honeycomb-aerospace/index.html]
[geos.market/wp-content/uploads/2022/08/HC-525-VTOL-Fixed-Wing-UAV-330x413.jpg]
[geos.market/wp-content/uploads/2022/08/HC-525-VTOL-Fixed-Wing-UAV-2-e1660844519224-330x413.jpg]
[geos.market/wp-content/uploads/2022/08/HC-540-VTOL-Fixed-Wing-UAV-3-330x413.jpg]
[geos.market/wp-content/uploads/2022/08/HC-540-VTOL-Fixed-Wing-UAV-2-e1660844646686-330x413.jpg]
[geos.market/wp-content/uploads/2022/08/imajbox-3-330x413.png]
[geos.market/categoria-producto/drones/index.html]
[geos.market/producto/hc-332e-electric-power-uav/index.html]
[geos.market/producto/lidar-hc-342h-hybrid-power-uav/index.html]
[geos.market/producto/lidar-hc-521h/index.html]
[geos.market/producto/lidar-hc-525-vtol-fixed-wing-uav/index.html]
[geos.market/wp-json/wp/v2/product_cat/90.json]
[geos.market/categoria-producto/drones/imajing-box/index.html]
[geos.market/producto/lidar-hc-540-vtol-fixed-wing-uav/index.html]
[geos.market/categoria-producto/drones/imajing-box/feed/index.html]
[geos.market/producto/lidar-imajbox-3/index.html]
[geos.market/wp-json/wp/v2/product_cat/91.json]
[geos.market/categoria-producto/drones/drones-lidar/index.html]
[geos.market/categoria-producto/drones/drones-lidar/feed/index.html]
[geos.market/wp-json/wp/v2/product_cat/92.json]
[geos.market/categoria-producto/drones/drones-manual-multirotor/index.html]
[geos.market/categoria-producto/drones/drones-manual-multirotor/feed/index.html]
[geos.market/wp-json/wp/v2/product_cat/115.json]
[geos.market/categoria-producto/drones/mapeo/index.html]
[geos.market/categoria-producto/drones/mapeo/feed/index.html]
[geos.market/wp-json/wp/v2/product_cat/116.json]
[geos.market/categoria-producto/drones/lidar/index.html]
[geos.market/categoria-producto/drones/lidar/feed/index.html]
[geos.market/wp-json/wp/v2/product_cat/80.json]
[geos.market/categoria-producto/software/feed/index.html]
[geos.market/wp-content/uploads/2022/08/microsurvey-field-genius-android-1.png]
[geos.market/wp-content/uploads/2022/08/microsurvey-field-genius-android.png]
[geos.market/wp-content/uploads/2024/07/Geo5-Software-1-330x413.jpg]
[geos.market/wp-content/uploads/2024/07/GEO5_logo-330x413.png]
[geos.market/producto/field-genius-android/index.html]
[geos.market/wp-content/uploads/2022/08/MAPTRACK2_Mesa-de-trabajo-1.png]
[geos.market/wp-content/uploads/2022/08/global-mapper-2.png]
[geos.market/wp-content/uploads/2022/08/HYPACK-Lite.png]
[geos.market/producto/field-genius-windows/index.html]
[geos.market/producto/maptrack/index.html]
[geos.market/wp-content/uploads/2022/09/hypack-logo.png]
[geos.market/wp-content/uploads/2022/08/IMAJING-3D-PRO-330x413.jpg]
[geos.market/producto/global-mapper/index.html]
[geos.market/producto/hypack-software/index.html]
[geos.market/wp-content/uploads/2022/08/imajing-3Dpro_Mesa-de-trabajo-1.png]
[geos.market/wp-content/uploads/2022/08/imaview_Mesa-de-trabajo-1_Mesa-de-trabajo-1.png]
[geos.market/wp-content/uploads/2022/08/software-cover.png]
[geos.market/producto/imajing-3d-pro/index.html]
[geos.market/wp-content/uploads/2022/08/survx-3.png]
[geos.market/wp-content/uploads/2022/08/south-survstar.png]
[geos.market/categoria-producto/software/index.html]
[geos.market/producto/geos-telecom-imajview/index.html]
[geos.market/wp-json/wp/v2/product_cat/100.json]
[geos.market/categoria-producto/software/maptrack/index.html]
[geos.market/categoria-producto/software/maptrack/feed/index.html]
[geos.market/producto/pds2000/index.html]
[geos.market/producto/survx/index.html]
[geos.market/producto/survstar/index.html]
[geos.market/wp-json/wp/v2/product_cat/101.json]
[geos.market/categoria-producto/software/imajing-3d-pro/index.html]
[geos.market/categoria-producto/software/imajing-3d-pro/feed/index.html]
[geos.market/wp-json/wp/v2/product_cat/102.json]
[geos.market/categoria-producto/software/hypack/index.html]
[geos.market/categoria-producto/software/hypack/feed/index.html]
[geos.market/categoria-producto/software/pds2000-teledyne/feed/index.html]
[geos.market/wp-json/wp/v2/product_cat/103.json]
[geos.market/categoria-producto/software/pds2000-teledyne/index.html]
[geos.market/categoria-producto/software/blue-marble/feed/index.html]
[geos.market/wp-json/wp/v2/product_cat/104.json]
[geos.market/categoria-producto/software/blue-marble/index.html]
[geos.market/categoria-producto/software/south/feed/index.html]
[geos.market/wp-json/wp/v2/product_cat/105.json]
[geos.market/categoria-producto/software/south/index.html]
[geos.market/categoria-producto/software/android/feed/index.html]
[geos.market/wp-json/wp/v2/product_cat/106.json]
[geos.market/categoria-producto/software/android/index.html]
[geos.market/wp-json/wp/v2/product_cat/107.json]
[geos.market/categoria-producto/software/windows/index.html]
[geos.market/categoria-producto/software/windows/feed/index.html]
[geos.market/wp-json/wp/v2/product_cat/125.json]
[geos.market/categoria-producto/software/geo5/index.html]
[geos.market/categoria-producto/software/geo5/feed/index.html]
[geos.market/wp-json/wp/v2/product_cat/111.json]
[geos.market/categoria-producto/servicios-por-demanda/index.html]
[geos.market/categoria-producto/servicios-por-demanda/feed/index.html]
[geos.market/wp-json/wp/v2/product_cat/112.json]
[geos.market/categoria-producto/servicios-por-demanda/lavantamientos-rtk/index.html]
[geos.market/categoria-producto/servicios-por-demanda/lavantamientos-rtk/feed/index.html]
[geos.market/wp-json/wp/v2/product_cat/113.json]
[geos.market/categoria-producto/servicios-por-demanda/batimetria/index.html]
[geos.market/categoria-producto/servicios-por-demanda/batimetria/feed/index.html]
[geos.market/wp-json/wp/v2/product_cat/114.json]
[geos.market/categoria-producto/servicios-por-demanda/sistemas-de-informacion-geografica/index.html]
[geos.market/categoria-producto/servicios-por-demanda/sistemas-de-informacion-geografica/feed/index.html]
[geos.market/wp-json/wp/v2/product_cat/123.json]
[geos.market/categoria-producto/cuido-personal/feed/index.html]
[geos.market/wp-content/uploads/2023/02/CUIDO-PERSONAL-10.png]
[geos.market/wp-content/uploads/2023/02/CUIDO-PERSONAL-13.png]
[geos.market/wp-content/uploads/2023/02/CUIDO-PERSONAL-15.png]
[geos.market/wp-content/uploads/2023/02/CUIDO-PERSONAL-05.png]
[geos.market/producto/540-needle-derma-roller/index.html]
[geos.market/wp-content/uploads/2023/02/CUIDO-PERSONAL-02.png]
[geos.market/producto/7-color-led-mask/index.html]
[geos.market/wp-content/uploads/2023/02/CUIDO-PERSONAL-03.png]
[geos.market/producto/copa-menstrual/index.html]
[geos.market/producto/cubpre-pezones/index.html]
[geos.market/producto/easy-pi/index.html]
[geos.market/wp-content/uploads/2023/02/CUIDO-PERSONAL-12.png]
[geos.market/wp-content/uploads/2023/02/CUIDO-PERSONAL-14.png]
[geos.market/producto/easy-pi-man/index.html]
[geos.market/wp-content/uploads/2023/02/CUIDO-PERSONAL-18.png]
[geos.market/wp-content/uploads/2023/02/CUIDO-PERSONAL-11.png]
[geos.market/wp-content/uploads/2023/02/CUIDO-PERSONAL_Mesa-de-trabajo-1.png]
[geos.market/wp-content/uploads/2023/02/CUIDO-PERSONAL-04.png]
[geos.market/categoria-producto/cuido-personal/index.html]
[geos.market/producto/ems-rf-facial-lifting-device/index.html]
[geos.market/wp-json/wp/v2/product_cat/124.json]
[geos.market/producto/laser-acne-remove-pen/index.html]
[geos.market/wp-content/uploads/2023/02/SANITARIAS-14.png]
[geos.market/producto/mascarilla-vaginal/index.html]
[geos.market/producto/mini-rf-device/index.html]
[geos.market/producto/orinal-easy-pi/index.html]
[geos.market/wp-content/uploads/2023/02/SANITARIAS-13.png]
[geos.market/wp-content/uploads/2023/02/SANITARIAS-15.png]
[geos.market/wp-content/uploads/2023/02/SANITARIAS-16.png]
[geos.market/producto/panty-invisible/index.html]
[geos.market/wp-content/uploads/2023/02/SANITARIAS-18.png]
[geos.market/wp-content/uploads/2023/02/SANITARIAS-17.png]
[geos.market/categoria-producto/cuido-personal/page/2/index.html]
[geos.market/wp-content/uploads/2023/02/SANITARIAS-02.png]
[geos.market/wp-content/uploads/2023/02/SANITARIAS-04.png]
[geos.market/wp-content/uploads/2023/02/SANITARIAS-05.png]
[geos.market/categoria-producto/sanitarios/feed/index.html]
[geos.market/wp-content/uploads/2023/02/SANITARIAS-06.png]
[geos.market/wp-content/uploads/2023/02/SANITARIAS-03.png]
[geos.market/wp-content/uploads/2023/02/SANITARIAS-07.png]
[geos.market/categoria-producto/sanitarios/index.html]
[geos.market/producto/encimera-g3200-meizhi/index.html]
[geos.market/producto/encimera-g3820-meizhi/index.html]
[geos.market/producto/encimera-g3300-meizhi/index.html]
[geos.market/wp-json/wp/v2/product_cat/120.json]
[geos.market/producto/encimera-g6150-meizhi/index.html]
[geos.market/producto/encimera-g6360/index.html]
[geos.market/wp-content/uploads/2023/02/SANITARIAS-01.png]
[geos.market/categoria-producto/sanitarios/inodoros/index.html]
[geos.market/producto/encimera-g6360-meizhi/index.html]
[geos.market/producto/inodoro-g10060-meizhi/index.html]
[geos.market/producto/inodoro-g1009-meizhi/index.html]
[geos.market/producto/inodoro-g10150-meizhi/index.html]
[geos.market/producto/inodoro-g10240-meizhi/index.html]
[geos.market/wp-json/wp/v2/product_cat/121.json]
[geos.market/producto/inodoro-g10260-meizhi/index.html]
[geos.market/producto/inodoro-g10260-meizhi-2/index.html]
[geos.market/wp-content/uploads/2023/02/SANITARIAS-09.png]
[geos.market/categoria-producto/sanitarios/inodoros/feed/index.html]
[geos.market/wp-content/uploads/2023/02/SANITARIAS-08.png]
[geos.market/categoria-producto/sanitarios/page/2/index.html]
[geos.market/wp-content/uploads/2023/02/SANITARIAS-12.png]
[geos.market/wp-content/uploads/2023/02/SANITARIAS-10.png]
[geos.market/wp-content/uploads/2023/02/SANITARIAS-11.png]
[geos.market/categoria-producto/sanitarios/lava-manos/index.html]
[geos.market/producto/inodoro-gs9990-meizhi/index.html]
[geos.market/categoria-producto/sanitarios/lava-manos/feed/index.html]
[geos.market/wp-json/wp/v2/product_cat/122.json]
[geos.market/categoria-producto/sanitarios/encimeras/index.html]
[geos.market/producto/lavamanos-g10280-meizhi/index.html]
[geos.market/producto/lavamanos-g10310-meizhi/index.html]
[geos.market/producto/lavamanos-g10480-meizhi/index.html]
[geos.market/producto/lavamanos-g10320-meizhi/index.html]
[geos.market/producto/lavamanos-g9650-meizhi/index.html]
[geos.market/wp-json/oembed/1.0/embedc9f8.json]
[geos.market/categoria-producto/sanitarios/encimeras/feed/index.html]
[geos.market/producto/geo5/feed/index.html]
[geos.market/wp-json/oembed/1.0/embedaf9b]
[geos.market/wp-content/plugins/woocommerce/assets/css/photoswipe/photoswipe.min67b1.css]
[geos.market/wp-content/plugins/woocommerce/assets/css/photoswipe/default-skin/default-skin.min67b1.css]
[geos.market/wp-json/wp/v2/product/974.json]
[geos.market/wp-includes/js/mediaelement/mediaelementplayer-legacy.min1f61.css]
[geos.market/wp-includes/js/mediaelement/wp-mediaelement.minb34e.css]
[geos.market/wp-content/uploads/2024/07/GEO5_logo-150x150.png]
[geos.market/wp-content/uploads/2024/07/GEO5_logo-e1720713767310.png]
[geos.market/wp-content/uploads/2024/07/Geo5-Software-1.jpg]
[geos.market/wp-content/uploads/2024/07/Geo5-Software-1-768x460.jpg]
[geos.market/wp-content/uploads/2024/07/Geo5-Software-2.jpg]
[geos.market/wp-content/uploads/2024/07/Geo5-Software-2-768x446.jpg]
[geos.market/wp-content/uploads/2024/07/Geo5-Software-3.jpg]
[geos.market/wp-content/uploads/2024/07/Geo5-Software-3-768x467.jpg]
[geos.market/wp-content/uploads/2024/07/Geo5-Software-4.jpg]
[geos.market/wp-content/uploads/2024/07/Geo5-Software-4-768x466.jpg]
[geos.market/wp-content/uploads/2024/07/Geo5-Software-5.jpg]
[geos.market/wp-content/uploads/2024/07/Geo5-Software-5-768x452.jpg]
[geos.market/wp-content/uploads/2024/07/Geo5-Software-6.jpg]
[geos.market/wp-content/uploads/2024/07/Geo5-Software-6-768x462.jpg]
[geos.market/wp-content/uploads/2024/07/Geo5-Software-7.jpg]
[geos.market/wp-content/uploads/2024/07/Geo5-Software-7-768x461.jpg]
[geos.market/wp-content/uploads/2024/07/Geo5-Software-8.jpg]
[geos.market/wp-content/uploads/2024/07/Geo5-Software-8-768x440.jpg]
[geos.market/wp-content/uploads/2024/07/Geo5-Software-9.jpg]
[geos.market/wp-content/uploads/2024/07/Geo5-Software-9-768x644.jpg]
[geos.market/wp-content/uploads/2024/07/Geo5-Software-10.jpg]
[geos.market/wp-content/uploads/2024/07/Geo5-Software-10-768x644.jpg]
[geos.market/wp-content/uploads/2024/07/Geo5-Software-11.jpg]
[geos.market/wp-content/uploads/2024/07/Geo5-Software-11-768x644.jpg]
[geos.market/wp-content/uploads/2024/07/Introduccion-al-software-GEO5230a.mp4]
[geos.market/wp-content/uploads/2024/07/Introduccion-al-software-GEO5.mp4]
[geos.market/wp-content/uploads/2024/07/Soporte-y-Documentacion-para-el-software-GEO5e6f8.mp4]
[geos.market/wp-content/uploads/2024/07/Soporte-y-Documentacion-para-el-software-GEO5.mp4]
[geos.market/wp-content/plugins/woocommerce/assets/js/zoom/jquery.zoom.minc549.js]
[geos.market/wp-content/plugins/woocommerce/assets/js/photoswipe/photoswipe.min65ee.js]
[geos.market/wp-content/plugins/woocommerce/assets/js/photoswipe/photoswipe-ui-default.min65ee.js]
[geos.market/wp-includes/js/comment-reply.minb34e.js]
[geos.market/wp-includes/js/mediaelement/mediaelement-and-player.min1f61.js]
[geos.market/wp-includes/js/mediaelement/mediaelement-migrate.minb34e.js]
[geos.market/wp-includes/js/mediaelement/wp-mediaelement.minb34e.js]
[geos.market/wp-includes/js/mediaelement/renderers/vimeo.min1f61.js]
[geos.market/producto/geo5/index.html]
[geos.market/shop/index.html]
[geos.market/wp-json/oembed/1.0/embed33a7.json]
[geos.market/shop/feed/index.html]
[geos.market/wp-json/oembed/1.0/embedfaed]
[geos.market/shop/page/2/index.html]
[geos.market/shop/page/3/index.html]
[geos.market/shop/page/4/index.html]
[geos.market/shop/page/7/index.html]
[geos.market/wp-json/wp/v2/pages/635.json]
[geos.market/request-a-quote/index.html]
[geos.market/wp-content/themes/the-hanger/inc/fonts/thehanger-icons/fonts/the-hangerae05.svg]
[geos.market/wp-content/plugins/js_composer/assets/fonts/vc_icons_v2/fonts/vcpb-plugin-iconsb82a.svg]
[geos.market/wp-content/plugins/js_composer/assets/vc/blur.svg]
[geos.market/wp-content/plugins/js_composer/assets/fonts/vc_grid/vc_grid_v157a1.svg]
[geos.market/wp-content/plugins/revslider/public/assets/fonts/revicons/revicons90c6.svg]
[geos.market/index8054.html]
[geos.market/shop/page/8/index.html]
[geos.market/shop/page/9/index.html]
[geos.market/wp-includes/js/zxcvbn-async.min5152.js]
[geos.market/wp-includes/js/dist/hooks.minaf5f.js]
[geos.market/wp-includes/js/dist/i18n.min1cde.js]
[geos.market/wp-admin/js/password-strength-meter.minb34e.js]
[geos.market/wp-content/plugins/woocommerce/assets/js/frontend/password-strength-meter.min67b1.js]
[geos.market/wp-content/plugins/woocommerce/assets/js/frontend/lost-password.min67b1.js]
[geos.market/my-account/lost-password/index.html]
[geos.market/index5fb3.html]
[geos.market/indexbde5.html]
[geos.market/wp-content/plugins/js_composer/assets/lib/bower/font-awesome/css/v4-shims.minbdeb.css]
[geos.market/wp-content/plugins/js_composer/assets/lib/bower/font-awesome/webfonts/fa-brands-400.eot]
[geos.market/wp-content/plugins/js_composer/assets/lib/bower/font-awesome/webfonts/fa-brands-400d41d.eot]
[geos.market/wp-content/plugins/js_composer/assets/lib/bower/font-awesome/webfonts/fa-brands-400.woff2]
[geos.market/wp-content/plugins/js_composer/assets/lib/bower/font-awesome/webfonts/fa-brands-400.woff]
[geos.market/wp-content/plugins/js_composer/assets/lib/bower/font-awesome/webfonts/fa-brands-400.ttf]
[geos.market/wp-content/plugins/js_composer/assets/lib/bower/font-awesome/webfonts/fa-brands-400.svg]
[geos.market/wp-content/plugins/js_composer/assets/lib/bower/font-awesome/webfonts/fa-regular-400.eot]
[geos.market/wp-content/plugins/js_composer/assets/lib/bower/font-awesome/webfonts/fa-regular-400d41d.eot]
[geos.market/wp-content/plugins/js_composer/assets/lib/bower/font-awesome/webfonts/fa-regular-400.woff2]
[geos.market/wp-content/plugins/js_composer/assets/lib/bower/font-awesome/webfonts/fa-regular-400.woff]
[geos.market/wp-content/plugins/js_composer/assets/lib/bower/font-awesome/webfonts/fa-regular-400.ttf]
[geos.market/wp-content/plugins/js_composer/assets/lib/bower/font-awesome/webfonts/fa-regular-400.svg]
[geos.market/wp-content/plugins/js_composer/assets/lib/bower/font-awesome/webfonts/fa-solid-900.eot]
[geos.market/wp-content/plugins/js_composer/assets/lib/bower/font-awesome/webfonts/fa-solid-900d41d.eot]
[geos.market/wp-content/plugins/js_composer/assets/lib/bower/font-awesome/webfonts/fa-solid-900.woff2]
[geos.market/wp-content/plugins/js_composer/assets/lib/bower/font-awesome/webfonts/fa-solid-900.woff]
[geos.market/wp-content/plugins/js_composer/assets/lib/bower/font-awesome/webfonts/fa-solid-900.ttf]
[geos.market/wp-content/plugins/js_composer/assets/lib/bower/font-awesome/css/all.minbdeb.css]
[geos.market/wp-content/plugins/js_composer/assets/lib/bower/font-awesome/webfonts/fa-solid-900.svg]
[geos.market/categoria-producto/drones-mapeo-y-lidar/feed/index.html]
[geos.market/wp-json/wp/v2/product_cat/117.json]
[geos.market/categoria-producto/drones-mapeo-y-lidar/index.html]
[geos.market/wp-json/wp/v2/product_cat/15.json]
[geos.market/categoria-producto/sin-categoria/index.html]
[geos.market/categoria-producto/sin-categoria/feed/index.html]
[geos.market/wp-json/oembed/1.0/embed1c60.json]
[geos.market/producto/base-nivelante-tj10/feed/index.html]
[geos.market/wp-json/oembed/1.0/embed202e]
[geos.market/wp-json/wp/v2/product/260.json]
[geos.market/wp-content/uploads/2022/08/AC-BASE-NIVELANTE-TJ10-1-150x150.png]
[geos.market/wp-content/uploads/2022/08/AC-BASE-NIVELANTE-TJ10-1.png]
[geos.market/producto/base-nivelante-tj10/index.html]
[geos.market/wp-json/oembed/1.0/embed8447.json]
[geos.market/producto/baston-de-alumino-ps4-6/feed/index.html]
[geos.market/wp-json/oembed/1.0/embede836]
[geos.market/wp-json/wp/v2/product/262.json]
[geos.market/wp-content/uploads/2022/08/AC-BASTON-DE-ALUMINO-PS4.6-150x150.png]
[geos.market/wp-content/uploads/2022/08/AC-BASTON-DE-ALUMINO-PS4.6.png]
[geos.market/wp-content/uploads/2022/08/AC-BASTON-DE-ALUMINO-PS4.61.png]
[geos.market/producto/baston-de-alumino-ps4-6/index.html]
[geos.market/wp-json/oembed/1.0/embed893d.json]
[geos.market/producto/baston-de-fibra-de-carbono-cls25/feed/index.html]
[geos.market/wp-json/oembed/1.0/embed7bc5]
[geos.market/wp-json/wp/v2/product/267.json]
[geos.market/wp-content/uploads/2022/08/AC-CLS25-150x150.png]
[geos.market/wp-content/uploads/2022/08/AC-CLS25.png]
[geos.market/producto/baston-de-fibra-de-carbono-cls25/index.html]
[geos.market/wp-json/oembed/1.0/embedcbda.json]
[geos.market/producto/bipode-ads22/feed/index.html]
[geos.market/wp-json/oembed/1.0/embede9aa]
[geos.market/wp-json/wp/v2/product/265.json]
[geos.market/wp-content/uploads/2022/08/AC-BIPODE-ADS22-150x150.jpg]
[geos.market/wp-content/uploads/2022/08/AC-BIPODE-ADS22.jpg]
[geos.market/producto/bipode-ads22/index.html]
[geos.market/wp-json/oembed/1.0/embede7e2.json]
[geos.market/producto/blackview-bv6300pro/feed/index.html]
[geos.market/wp-json/oembed/1.0/embedec99]
[geos.market/wp-json/wp/v2/product/315.json]
[geos.market/wp-content/uploads/2022/08/BV6300-150x150.jpg]
[geos.market/wp-content/uploads/2022/08/BV6300.jpg]
[geos.market/wp-content/uploads/2022/08/BV6300-768x768.jpg]
[geos.market/producto/blackview-bv6300pro/index.html]
[geos.market/wp-json/oembed/1.0/embed4934.json]
[geos.market/producto/bv-7100/feed/index.html]
[geos.market/wp-json/oembed/1.0/embed4e0d]
[geos.market/wp-json/wp/v2/product/942.json]
[geos.market/wp-content/uploads/2024/02/Copia-de-Copia-de-Post-de-facebook-para-rebajas-de-verano-ilustrado-moderno-amarillo-150x150.jpg]
[geos.market/wp-content/uploads/2024/02/Copia-de-Copia-de-Post-de-facebook-para-rebajas-de-verano-ilustrado-moderno-amarillo.jpg]
[geos.market/wp-content/uploads/2024/02/Copia-de-Copia-de-Post-de-facebook-para-rebajas-de-verano-ilustrado-moderno-amarillo-768x644.jpg]
[geos.market/wp-content/uploads/2024/02/WhatsApp-Image-2024-02-16-at-2.24.47-PM-187x300.jpg]
[geos.market/producto/bv-7100/index.html]
[geos.market/wp-json/oembed/1.0/embed3aee.json]
[geos.market/producto/bv-9300/feed/index.html]
[geos.market/wp-json/oembed/1.0/embedfe7e]
[geos.market/wp-json/wp/v2/product/944.json]
[geos.market/wp-content/uploads/2024/02/WhatsApp-Image-2024-02-16-at-9.22.55-AM-150x150.jpg]
[geos.market/wp-content/uploads/2024/02/WhatsApp-Image-2024-02-16-at-9.22.55-AM.jpg]
[geos.market/wp-content/uploads/2024/02/WhatsApp-Image-2024-02-16-at-9.22.55-AM-768x768.jpg]
[geos.market/wp-content/uploads/2024/02/WhatsApp-Image-2024-02-16-at-2.22.57-PM-136x300.jpg]
[geos.market/producto/bv-9300/index.html]
[geos.market/wp-json/oembed/1.0/embed140b.json]
[geos.market/producto/ns30/feed/index.html]
[geos.market/wp-json/oembed/1.0/embedb444]
[geos.market/wp-json/wp/v2/product/908.json]
[geos.market/wp-content/uploads/2024/02/descarga-150x150.jpg]
[geos.market/wp-content/uploads/2024/02/WhatsApp-Image-2024-02-16-at-8.17.50-AM-263x300.jpeg]
[geos.market/wp-content/uploads/2024/02/IMG_1341-1.heic]
[geos.market/wp-content/uploads/2024/02/IMG_1341.heic]
[geos.market/producto/ns30/index.html]
[geos.market/wp-json/oembed/1.0/embede875.json]
[geos.market/producto/estadia-agr3/feed/index.html]
[geos.market/wp-json/oembed/1.0/embed9a68]
[geos.market/wp-json/wp/v2/product/269.json]
[geos.market/wp-content/uploads/2022/08/AC-ESTADIA-AGR3-1-150x150.png]
[geos.market/wp-content/uploads/2022/08/AC-ESTADIA-AGR3-1.png]
[geos.market/wp-content/uploads/2022/08/AC-ESTADIA-AGR3-1-768x768.png]
[geos.market/producto/estadia-agr3/index.html]
[geos.market/wp-json/oembed/1.0/embedd11d.json]
[geos.market/producto/geos-telecomo-rir/feed/index.html]
[geos.market/wp-json/oembed/1.0/embed9db1]
[geos.market/wp-json/wp/v2/product/317.json]
[geos.market/wp-content/uploads/2022/08/RIR-e1660839026373-150x150.png]
[geos.market/wp-content/uploads/2022/08/RIR-e1660839026373.png]
[geos.market/wp-content/uploads/2022/08/RIR-e1660839006664-768x909.png]
[geos.market/producto/geos-telecomo-rir/index.html]
[geos.market/wp-json/oembed/1.0/embed478c.json]
[geos.market/producto/h8/feed/index.html]
[geos.market/wp-json/oembed/1.0/embedcd14]
[geos.market/wp-json/wp/v2/product/940.json]
[geos.market/wp-content/uploads/2024/02/WhatsApp-Image-2024-02-16-at-9.17.11-AM-150x150.jpg]
[geos.market/wp-content/uploads/2024/02/WhatsApp-Image-2024-02-16-at-9.17.11-AM.jpg]
[geos.market/wp-content/uploads/2024/02/WhatsApp-Image-2024-02-16-at-9.17.11-AM-768x576.jpg]
[geos.market/producto/h8/index.html]
[geos.market/producto/mini-prisma-tps-mini-101/feed/index.html]
[geos.market/wp-json/oembed/1.0/embedf563.json]
[geos.market/wp-json/oembed/1.0/embed7baa]
[geos.market/wp-json/wp/v2/product/271.json]
[geos.market/wp-content/uploads/2022/08/AC-MINI-PRISMA-TPS-MINI-101-150x150.jpg]
[geos.market/wp-content/uploads/2022/08/AC-MINI-PRISMA-TPS-MINI-101.jpg]
[geos.market/producto/mini-prisma-tps-mini-101/index.html]
[geos.market/categoria-producto/topograficos/page/2/index.html]
[geos.market/categoria-producto/topograficos/page/3/index.html]
[geos.market/wp-json/oembed/1.0/embed94d6.json]
[geos.market/producto/mini-prisma-tps-mini-112b/feed/index.html]
[geos.market/wp-json/oembed/1.0/embed9060]
[geos.market/wp-json/wp/v2/product/273.json]
[geos.market/wp-content/uploads/2022/08/AC-MINI-PRISMA-TPS-MINI-112B--150x150.png]
[geos.market/wp-content/uploads/2022/08/AC-MINI-PRISMA-TPS-MINI-112B-.png]
[geos.market/producto/mini-prisma-tps-mini-112b/index.html]
[geos.market/wp-json/oembed/1.0/embed3a8d.json]
[geos.market/producto/mini-prisma-tps107/feed/index.html]
[geos.market/wp-json/oembed/1.0/embeda45e]
[geos.market/wp-json/wp/v2/product/275.json]
[geos.market/wp-content/uploads/2022/08/AC-MINI-PRISMA-TPS107-1-150x150.png]
[geos.market/wp-content/uploads/2022/08/AC-MINI-PRISMA-TPS107-1.png]
[geos.market/wp-content/uploads/2022/08/AC-MINI-PRISMA-TPS107-1-768x768.png]
[geos.market/producto/mini-prisma-tps107/index.html]
[geos.market/wp-json/oembed/1.0/embedce28.json]
[geos.market/producto/prisma-tk17t/feed/index.html]
[geos.market/wp-json/oembed/1.0/embed539a]
[geos.market/wp-json/wp/v2/product/277.json]
[geos.market/wp-content/uploads/2022/08/AC-PRISMA-TK17T-150x150.png]
[geos.market/wp-content/uploads/2022/08/AC-PRISMA-TK17T.png]
[geos.market/producto/prisma-tk17t/index.html]
[geos.market/wp-json/oembed/1.0/embed80b6.json]
[geos.market/producto/tripode-nat-81ct/feed/index.html]
[geos.market/wp-json/oembed/1.0/embed143e]
[geos.market/wp-json/wp/v2/product/279.json]
[geos.market/wp-content/uploads/2022/08/AC-TRIPODE-NAT-81CT-1-150x150.png]
[geos.market/wp-content/uploads/2022/08/AC-TRIPODE-NAT-81CT-1.png]
[geos.market/producto/tripode-nat-81ct/index.html]
[geos.market/wp-json/oembed/1.0/embedef90.json]
[geos.market/producto/n1/feed/index.html]
[geos.market/wp-json/oembed/1.0/embed2a26]
[geos.market/wp-json/wp/v2/product/283.json]
[geos.market/wp-content/uploads/2022/08/ET-N1-1-150x150.png]
[geos.market/wp-content/uploads/2022/08/ET-N1-1.png]
[geos.market/producto/n1/index.html]
[geos.market/wp-json/oembed/1.0/embed08ff.json]
[geos.market/producto/n6/feed/index.html]
[geos.market/wp-json/oembed/1.0/embed048c]
[geos.market/wp-json/wp/v2/product/285.json]
[geos.market/wp-content/uploads/2022/08/ET-N6-1-150x150.png]
[geos.market/wp-content/uploads/2022/08/ET-N6-1.png]
[geos.market/wp-content/uploads/2022/08/ET-N6-1-768x768.png]
[geos.market/producto/n6/index.html]
[geos.market/producto/n7/feed/index.html]
[geos.market/wp-json/oembed/1.0/embed439b.json]
[geos.market/wp-json/oembed/1.0/embedc153]
[geos.market/wp-json/wp/v2/product/287.json]
[geos.market/wp-content/uploads/2022/08/ET-N7-1-150x150.png]
[geos.market/wp-content/uploads/2022/08/ET-N7-1.png]
[geos.market/wp-content/uploads/2022/08/ET-N7-1-768x768.png]
[geos.market/producto/n7/index.html]
[geos.market/wp-json/oembed/1.0/embedfa4d.json]
[geos.market/producto/navi/feed/index.html]
[geos.market/wp-json/oembed/1.0/embedf133]
[geos.market/wp-json/wp/v2/product/289.json]
[geos.market/wp-content/uploads/2022/08/ET-NAVI-1-150x150.png]
[geos.market/wp-content/uploads/2022/08/ET-NAVI-1.png]
[geos.market/wp-content/uploads/2022/08/ET-NAVI-1-768x768.png]
[geos.market/producto/navi/index.html]
[geos.market/wp-json/oembed/1.0/embede9e0.json]
[geos.market/producto/receptor-gnss-g4/feed/index.html]
[geos.market/wp-json/oembed/1.0/embedd736]
[geos.market/wp-json/wp/v2/product/920.json]
[geos.market/wp-content/uploads/2024/02/689243a2-42e6-479a-a530-431e00db36bd-150x150.jpg]
[geos.market/wp-content/uploads/2024/02/689243a2-42e6-479a-a530-431e00db36bd.jpg]
[geos.market/wp-content/uploads/2024/02/WhatsApp-Image-2024-02-16-at-8.12.56-AM-300x260.jpg]
[geos.market/producto/receptor-gnss-g4/index.html]
[geos.market/wp-json/oembed/1.0/embedd629.json]
[geos.market/producto/receptor-g9/feed/index.html]
[geos.market/wp-json/oembed/1.0/embedbe42]
[geos.market/wp-json/wp/v2/product/914.json]
[geos.market/wp-content/uploads/2024/02/DSC_0290-150x150.jpg]
[geos.market/wp-content/uploads/2024/02/DSC_0290-scaled.jpg]
[geos.market/wp-content/uploads/2024/02/DSC_0290-768x512.jpg]
[geos.market/producto/receptor-g9/index.html]
[geos.market/wp-json/oembed/1.0/embede0c1.json]
[geos.market/producto/receptor-gnss-inno8/feed/index.html]
[geos.market/wp-json/oembed/1.0/embed0fae]
[geos.market/wp-json/wp/v2/product/924.json]
[geos.market/wp-content/uploads/2024/02/south-inno8-back-pic-800x800-1-150x150.jpg]
[geos.market/wp-content/uploads/2024/02/south-inno8-back-pic-800x800-1.jpg]
[geos.market/wp-content/uploads/2024/02/south-inno8-back-pic-800x800-1-768x768.jpg]
[geos.market/wp-content/uploads/2024/02/WhatsApp-Image-2024-02-16-at-8.05.39-AM-282x300.jpg]
[geos.market/producto/receptor-gnss-inno8/index.html]
[geos.market/wp-json/oembed/1.0/embedf870.json]
[geos.market/producto/receptor-v2/feed/index.html]
[geos.market/wp-json/oembed/1.0/embed5ab3]
[geos.market/wp-json/wp/v2/product/922.json]
[geos.market/wp-content/uploads/2024/02/Insight-V2-5-150x150.png]
[geos.market/wp-content/uploads/2024/02/Insight-V2-5.png]
[geos.market/wp-content/uploads/2024/02/WhatsApp-Image-2024-02-16-at-2.27.09-PM-258x300.jpg]
[geos.market/producto/receptor-v2/index.html]
[geos.market/producto/alpha-geo-l8/feed/index.html]
[geos.market/wp-json/oembed/1.0/embed3735.json]
[geos.market/wp-json/oembed/1.0/embed8d8a]
[geos.market/wp-json/wp/v2/product/297.json]
[geos.market/wp-content/uploads/2022/08/G3-1-150x150.png]
[geos.market/wp-content/uploads/2022/08/G3-2-1.png]
[geos.market/producto/alpha-geo-l8/index.html]
[geos.market/wp-json/oembed/1.0/embedaf04.json]
[geos.market/producto/g7/feed/index.html]
[geos.market/wp-json/oembed/1.0/embed53c7]
[geos.market/wp-json/wp/v2/product/305.json]
[geos.market/wp-content/uploads/2022/08/Galaxy-G7-150x150.png]
[geos.market/wp-content/uploads/2022/08/Galaxy-G7.png]
[geos.market/wp-content/uploads/2022/08/G7-ENSAMBLAJE.png]
[geos.market/wp-content/uploads/2022/08/G7-2-e1662141559335.png]
[geos.market/wp-content/uploads/2022/08/G7-2-e1662141559335-768x1571.png]
[geos.market/producto/g7/index.html]
[geos.market/wp-json/oembed/1.0/embedd5fc.json]
[geos.market/producto/south-h6/feed/index.html]
[geos.market/wp-json/oembed/1.0/embedbcf4]
[geos.market/wp-json/wp/v2/product/312.json]
[geos.market/wp-content/uploads/2022/08/ET-H6-150x150.png]
[geos.market/wp-content/uploads/2022/08/ET-H6.png]
[geos.market/wp-content/uploads/2022/08/ET-H61.png]
[geos.market/producto/south-h6/index.html]
[geos.market/producto/s6/feed/index.html]
[geos.market/wp-json/oembed/1.0/embeddc37.json]
[geos.market/wp-json/oembed/1.0/embedc653]
[geos.market/wp-json/wp/v2/product/936.json]
[geos.market/wp-content/uploads/2024/02/WhatsApp-Image-2024-02-16-at-9.00.00-AM-150x150.jpg]
[geos.market/wp-content/uploads/2024/02/WhatsApp-Image-2024-02-16-at-9.00.00-AM.jpg]
[geos.market/producto/s6/index.html]
[geos.market/wp-json/oembed/1.0/embedfae6.json]
[geos.market/producto/south-s1/feed/index.html]
[geos.market/wp-json/oembed/1.0/embeda705]
[geos.market/wp-json/wp/v2/product/319.json]
[geos.market/wp-content/uploads/2022/08/S1-150x150.png]
[geos.market/producto/south-s1/index.html]
[geos.market/producto/s10-mini/feed/index.html]
[geos.market/wp-json/oembed/1.0/embed9e23.json]
[geos.market/wp-json/oembed/1.0/embeddcfd]
[geos.market/wp-json/wp/v2/product/938.json]
[geos.market/wp-content/uploads/2024/02/WhatsApp-Image-2024-02-16-at-8.58.31-AM-150x150.jpg]
[geos.market/wp-content/uploads/2024/02/WhatsApp-Image-2024-02-16-at-8.58.31-AM.jpg]
[geos.market/producto/s10-mini/index.html]
[geos.market/wp-json/oembed/1.0/embedc951.json]
[geos.market/producto/south-cr3g3/feed/index.html]
[geos.market/wp-json/oembed/1.0/embed0b53]
[geos.market/wp-json/wp/v2/product/323.json]
[geos.market/wp-content/uploads/2022/08/South-CR-3-UHG-150x150.png]
[geos.market/wp-content/uploads/2022/08/South-CR-3-UHG.png]
[geos.market/producto/south-cr3g3/index.html]
[geos.market/wp-json/oembed/1.0/embedc2c6.json]
[geos.market/producto/south-pd-520n/feed/index.html]
[geos.market/wp-json/oembed/1.0/embed1a7b]
[geos.market/wp-json/wp/v2/product/326.json]
[geos.market/wp-content/uploads/2022/08/PD520-150x150.png]
[geos.market/wp-content/uploads/2022/08/PD520.png]
[geos.market/producto/south-pd-520n/index.html]
[geos.market/wp-json/oembed/1.0/embede500.json]
[geos.market/producto/south-pd-58n/feed/index.html]
[geos.market/wp-json/oembed/1.0/embed98a7]
[geos.market/wp-json/wp/v2/product/324.json]
[geos.market/wp-content/uploads/2022/08/PD58-150x150.png]
[geos.market/producto/south-pd-58n/index.html]
[geos.market/producto/serie-fly2map/feed/index.html]
[geos.market/wp-json/oembed/1.0/embed1444.json]
[geos.market/wp-json/oembed/1.0/embeda524]
[geos.market/wp-json/wp/v2/product/336.json]
[geos.market/wp-content/uploads/2022/08/ECO-PRO.-150x150.png]
[geos.market/wp-content/uploads/2022/08/ECO.png]
[geos.market/producto/serie-fly2map/index.html]
[geos.market/producto/ecosonda-multihaz-mb2/feed/index.html]
[geos.market/wp-json/oembed/1.0/embed970e.json]
[geos.market/wp-json/oembed/1.0/embed7ce5]
[geos.market/wp-json/wp/v2/product/718.json]
[geos.market/wp-content/uploads/2022/09/MB-150x150.png]
[geos.market/wp-content/uploads/2022/09/MB.png]
[geos.market/producto/ecosonda-multihaz-mb2/index.html]
[geos.market/wp-json/oembed/1.0/embed19d8.json]
[geos.market/producto/south-poseidon-su30/feed/index.html]
[geos.market/wp-json/oembed/1.0/embed95d5]
[geos.market/wp-json/wp/v2/product/385.json]
[geos.market/wp-content/uploads/2022/08/POSEIDON-SU30-1-150x150.png]
[geos.market/producto/south-poseidon-su30/index.html]
[geos.market/wp-json/oembed/1.0/embed90bf.json]
[geos.market/producto/south-sde-28-south-survey-instruments/feed/index.html]
[geos.market/wp-json/oembed/1.0/embed911d]
[geos.market/wp-json/wp/v2/product/378.json]
[geos.market/wp-content/uploads/2022/08/sde28_Mesa-de-trabajo-1-150x150.png]
[geos.market/wp-content/uploads/2022/08/sde28_Mesa-de-trabajo-1.png]
[geos.market/producto/south-sde-28-south-survey-instruments/index.html]
[geos.market/wp-json/oembed/1.0/embed3bf7.json]
[geos.market/producto/teledyne-reson-svp-70/feed/index.html]
[geos.market/wp-json/oembed/1.0/embedca8c]
[geos.market/wp-json/wp/v2/product/387.json]
[geos.market/wp-content/uploads/2022/08/svp70_Mesa-de-trabajo-1-150x150.png]
[geos.market/producto/teledyne-reson-svp-70/index.html]
[geos.market/wp-json/oembed/1.0/embedf148.json]
[geos.market/producto/380/feed/index.html]
[geos.market/wp-json/oembed/1.0/embeda22c]
[geos.market/wp-json/wp/v2/product/380.json]
[geos.market/wp-content/uploads/2022/08/Echotrac-E20_KIT_no-dell_Mesa-de-trabajo-1-150x150.png]
[geos.market/producto/380/index.html]
[geos.market/wp-json/oembed/1.0/embed43f8.json]
[geos.market/producto/teledyne-reson-sys-seabat-t20-p/feed/index.html]
[geos.market/wp-json/oembed/1.0/embed6d4f]
[geos.market/wp-json/wp/v2/product/383.json]
[geos.market/wp-content/uploads/2022/08/SeaBat-T20-wet-end-Black-bracket_Mesa-de-trabajo-1-150x150.png]
[geos.market/producto/teledyne-reson-sys-seabat-t20-p/index.html]
[geos.market/wp-json/oembed/1.0/embed53ff.json]
[geos.market/producto/wam-v-16/feed/index.html]
[geos.market/wp-json/oembed/1.0/embeda7b6]
[geos.market/wp-json/wp/v2/product/1004.json]
[geos.market/wp-content/uploads/2024/07/wam-v16-150x150.jpg]
[geos.market/wp-content/uploads/2024/07/wam-v16.jpg]
[geos.market/wp-content/uploads/2024/07/wam-v-161.jpg]
[geos.market/wp-content/uploads/2024/07/wam-v-161-768x513.jpg]
[geos.market/wp-content/uploads/2024/07/wam-v-162.jpg]
[geos.market/wp-content/uploads/2024/07/wam-v-162-768x513.jpg]
[geos.market/wp-content/uploads/2024/07/wam-v-16.jpg]
[geos.market/wp-content/uploads/2024/07/wam-v-16-768x513.jpg]
[geos.market/producto/wam-v-16/index.html]
[geos.market/wp-json/oembed/1.0/embed0118.json]
[geos.market/producto/wam-v-8/feed/index.html]
[geos.market/wp-json/oembed/1.0/embed48b1]
[geos.market/wp-json/wp/v2/product/994.json]
[geos.market/wp-content/uploads/2024/07/wam-v8-150x150.jpg]
[geos.market/wp-content/uploads/2024/07/wam-v8.jpg]
[geos.market/wp-content/uploads/2024/07/wam-v-81.jpg]
[geos.market/wp-content/uploads/2024/07/wam-v-81-768x513.jpg]
[geos.market/wp-content/uploads/2024/07/wam-v-82.jpg]
[geos.market/wp-content/uploads/2024/07/wam-v-82-768x513.jpg]
[geos.market/wp-content/uploads/2024/07/wam-v-83.jpg]
[geos.market/wp-content/uploads/2024/07/wam-v-83-768x513.jpg]
[geos.market/producto/wam-v-8/index.html]
[geos.market/wp-json/oembed/1.0/embed96e9.json]
[geos.market/producto/geos-telecom-01/feed/index.html]
[geos.market/wp-json/oembed/1.0/embedb0c1]
[geos.market/wp-json/wp/v2/product/367.json]
[geos.market/wp-content/uploads/2022/08/T71KM-1-150x150.png]
[geos.market/wp-content/uploads/2022/08/T71KM-1.png]
[geos.market/wp-content/uploads/2022/08/T71KF-scaled.jpg]
[geos.market/wp-content/uploads/2022/08/T71KF-768x512.jpg]
[geos.market/wp-content/uploads/2022/08/T71KG-scaled.jpg]
[geos.market/wp-content/uploads/2022/08/T71KG-768x512.jpg]
[geos.market/wp-content/uploads/2022/08/T71KM-scaled.jpg]
[geos.market/wp-content/uploads/2022/08/T71KM-768x512.jpg]
[geos.market/producto/geos-telecom-01/index.html]
[geos.market/wp-json/oembed/1.0/embed0271.json]
[geos.market/producto/rugged-bl6000-pro/feed/index.html]
[geos.market/wp-json/oembed/1.0/embedd0c6]
[geos.market/wp-json/wp/v2/product/376.json]
[geos.market/wp-content/uploads/2022/08/BL6000PRO_Mesa-de-trabajo-1-150x150.png]
[geos.market/producto/rugged-bl6000-pro/index.html]
[geos.market/wp-json/oembed/1.0/embed1c81.json]
[geos.market/producto/rugged-bv6600-pro/feed/index.html]
[geos.market/wp-json/oembed/1.0/embedc86a]
[geos.market/wp-json/wp/v2/product/372.json]
[geos.market/wp-content/uploads/2022/08/BV6600PRO-150x150.png]
[geos.market/wp-content/uploads/2022/08/BV6600PRO.png]
[geos.market/producto/rugged-bv6600-pro/index.html]
[geos.market/wp-json/oembed/1.0/embed5e69.json]
[geos.market/producto/rugged-bv8000-pro/feed/index.html]
[geos.market/wp-json/oembed/1.0/embed1cd0]
[geos.market/wp-json/wp/v2/product/374.json]
[geos.market/wp-content/uploads/2022/08/BV8800-e1660846336902-150x150.jpg]
[geos.market/wp-content/uploads/2022/08/BV8800-e1660846336902.jpg]
[geos.market/wp-content/uploads/2022/08/BV8800-768x826.jpg]
[geos.market/producto/rugged-bv8000-pro/index.html]
[geos.market/wp-json/oembed/1.0/embed6725.json]
[geos.market/producto/rugged-skyease/feed/index.html]
[geos.market/wp-json/oembed/1.0/embedb3ee]
[geos.market/wp-json/wp/v2/product/362.json]
[geos.market/wp-content/uploads/2022/08/WR88H_Mesa-de-trabajo-1-150x150.png]
[geos.market/wp-content/uploads/2022/08/WR88H_Mesa-de-trabajo-1.png]
[geos.market/producto/rugged-skyease/index.html]
[geos.market/wp-json/oembed/1.0/embed83dd.json]
[geos.market/producto/rugged-technology/feed/index.html]
[geos.market/wp-json/oembed/1.0/embed279f]
[geos.market/wp-json/wp/v2/product/364.json]
[geos.market/wp-content/uploads/2022/08/LT83_Mesa-de-trabajo-1-150x150.png]
[geos.market/wp-content/uploads/2022/08/LT831.jpg]
[geos.market/wp-content/uploads/2022/08/LT831-768x433.jpg]
[geos.market/producto/rugged-technology/index.html]
[geos.market/producto/imajbox-360/feed/index.html]
[geos.market/wp-json/oembed/1.0/embed11fd.json]
[geos.market/wp-json/oembed/1.0/embedcda6]
[geos.market/wp-json/wp/v2/product/332.json]
[geos.market/wp-content/uploads/2022/08/imajing-150x150.png]
[geos.market/wp-content/uploads/2022/08/imajing.png]
[geos.market/wp-content/uploads/2022/08/imajing-768x767.png]
[geos.market/wp-content/uploads/2022/08/imajbox-360-e1660842984914.jpg]
[geos.market/producto/imajbox-360/index.html]
[geos.market/producto/hc-140-fixed-wing-uav/feed/index.html]
[geos.market/wp-json/oembed/1.0/embedb51b.json]
[geos.market/wp-json/oembed/1.0/embed8873]
[geos.market/wp-json/wp/v2/product/349.json]
[geos.market/wp-content/uploads/2022/08/HC-140-Fixed-Wing-UAV-e1660844267959-150x150.jpg]
[geos.market/wp-content/uploads/2022/08/HC-140-Fixed-Wing-UAV-e1660844267959.jpg]
[geos.market/wp-content/uploads/2022/08/HC-140-Fixed-Wing-UAV-e1660844258359-768x626.jpg]
[geos.market/wp-content/uploads/2022/08/HC-140-Fixed-Wing-UAV-2.jpg]
[geos.market/wp-content/uploads/2022/08/HC-140-Fixed-Wing-UAV-2-768x402.jpg]
[geos.market/producto/hc-140-fixed-wing-uav/index.html]
[geos.market/wp-json/oembed/1.0/embed3499.json]
[geos.market/producto/lidar-hc-321e-electric-uav-special-for-smart-inspection-airport-honeycomb-aerospace/feed/index.html]
[geos.market/wp-json/oembed/1.0/embedd51d]
[geos.market/wp-json/wp/v2/product/339.json]
[geos.market/wp-content/uploads/2022/08/HC-321E-Electric-UAV-Special-for-Smart-Inspection-Airport-2-e1660843733545-150x150.jpg]
[geos.market/wp-content/uploads/2022/08/HC-321E-Electric-UAV-Special-for-Smart-Inspection-Airport-2-e1660843733545.jpg]
[geos.market/wp-content/uploads/2022/08/HC-321E-Electric-UAV-Special-for-Smart-Inspection-Airport-2-768x432.jpg]
[geos.market/wp-content/uploads/2022/08/HC-321E-Electric-UAV-Special-for-Smart-Inspection-Airport.jpg]
[geos.market/wp-content/uploads/2022/08/HC-321E-Electric-UAV-Special-for-Smart-Inspection-Airport-768x402.jpg]
[geos.market/producto/lidar-hc-321e-electric-uav-special-for-smart-inspection-airport-honeycomb-aerospace/index.html]
[geos.market/wp-json/oembed/1.0/embed1fbd.json]
[geos.market/producto/hc-332e-electric-power-uav/feed/index.html]
[geos.market/wp-json/oembed/1.0/embedb03c]
[geos.market/wp-json/wp/v2/product/342.json]
[geos.market/wp-content/uploads/2022/08/HC-332E-Electric-Power-UAV-2-e1660843956685-150x150.jpg]
[geos.market/wp-content/uploads/2022/08/HC-332E-Electric-Power-UAV-2-e1660843956685.jpg]
[geos.market/wp-content/uploads/2022/08/HC-332E-Electric-Power-UAV-2-e1660843946900-768x749.jpg]
[geos.market/wp-content/uploads/2022/08/HC-332E-Electric-Power-UAV.jpg]
[geos.market/wp-content/uploads/2022/08/HC-332E-Electric-Power-UAV-768x432.jpg]
[geos.market/producto/hc-332e-electric-power-uav/index.html]
[geos.market/producto/lidar-hc-342h-hybrid-power-uav/feed/index.html]
[geos.market/wp-json/oembed/1.0/embed28cb.json]
[geos.market/wp-json/oembed/1.0/embed91ec]
[geos.market/wp-json/wp/v2/product/345.json]
[geos.market/wp-content/uploads/2022/08/HC-342H-Hybrid-Power-UAV-150x150.png]
[geos.market/wp-content/uploads/2022/08/HC-342H-Hybrid-Power-UAV-Foto.jpg]
[geos.market/wp-content/uploads/2022/08/HC-342H-Hybrid-Power-UAV-Foto-768x432.jpg]
[geos.market/wp-content/uploads/2022/08/HC-342H-Hybrid-Power-UAV-2-scaled.jpg]
[geos.market/wp-content/uploads/2022/08/HC-342H-Hybrid-Power-UAV-2-768x515.jpg]
[geos.market/producto/lidar-hc-342h-hybrid-power-uav/index.html]
[geos.market/wp-json/oembed/1.0/embed734b.json]
[geos.market/producto/lidar-hc-521h/feed/index.html]
[geos.market/wp-json/oembed/1.0/embed8241]
[geos.market/wp-json/wp/v2/product/352.json]
[geos.market/wp-content/uploads/2022/08/HC-521H-e1660844387118-150x150.jpg]
[geos.market/wp-content/uploads/2022/08/HC-521H-e1660844387118.jpg]
[geos.market/wp-content/uploads/2022/08/HC-521H-e1660844368786-768x789.jpg]
[geos.market/wp-content/uploads/2022/08/HC-521H-2.jpg]
[geos.market/wp-content/uploads/2022/08/HC-521H-2-768x432.jpg]
[geos.market/producto/lidar-hc-521h/index.html]
[geos.market/wp-json/oembed/1.0/embed6574.json]
[geos.market/producto/lidar-hc-525-vtol-fixed-wing-uav/feed/index.html]
[geos.market/wp-json/oembed/1.0/embed5599]
[geos.market/wp-json/wp/v2/product/355.json]
[geos.market/wp-content/uploads/2022/08/HC-525-VTOL-Fixed-Wing-UAV-2-e1660844519224-150x150.jpg]
[geos.market/wp-content/uploads/2022/08/HC-525-VTOL-Fixed-Wing-UAV-2-e1660844519224.jpg]
[geos.market/wp-content/uploads/2022/08/HC-525-VTOL-Fixed-Wing-UAV-2-e1660844507837-768x723.jpg]
[geos.market/wp-content/uploads/2022/08/HC-525-VTOL-Fixed-Wing-UAV.jpg]
[geos.market/wp-content/uploads/2022/08/HC-525-VTOL-Fixed-Wing-UAV-768x432.jpg]
[geos.market/producto/lidar-hc-525-vtol-fixed-wing-uav/index.html]
[geos.market/wp-json/oembed/1.0/embed1d94.json]
[geos.market/producto/lidar-hc-540-vtol-fixed-wing-uav/feed/index.html]
[geos.market/wp-json/oembed/1.0/embede1ff]
[geos.market/wp-json/wp/v2/product/358.json]
[geos.market/wp-content/uploads/2022/08/HC-540-VTOL-Fixed-Wing-UAV-2-e1660844646686-150x150.jpg]
[geos.market/wp-content/uploads/2022/08/HC-540-VTOL-Fixed-Wing-UAV-2-e1660844646686.jpg]
[geos.market/wp-content/uploads/2022/08/HC-540-VTOL-Fixed-Wing-UAV-2-e1660844638203-768x598.jpg]
[geos.market/wp-content/uploads/2022/08/HC-540-VTOL-Fixed-Wing-UAV-3.jpg]
[geos.market/wp-content/uploads/2022/08/HC-540-VTOL-Fixed-Wing-UAV-3-768x432.jpg]
[geos.market/wp-content/uploads/2022/08/HC-540-VTOL-Fixed-Wing-UAV.jpg]
[geos.market/wp-content/uploads/2022/08/HC-540-VTOL-Fixed-Wing-UAV-768x432.jpg]
[geos.market/producto/lidar-hc-540-vtol-fixed-wing-uav/index.html]
[geos.market/wp-json/oembed/1.0/embed0317.json]
[geos.market/producto/lidar-imajbox-3/feed/index.html]
[geos.market/wp-json/oembed/1.0/embedd9b5]
[geos.market/wp-json/wp/v2/product/334.json]
[geos.market/wp-content/uploads/2022/08/imajbox-3-150x150.png]
[geos.market/producto/lidar-imajbox-3/index.html]
[geos.market/wp-json/oembed/1.0/embed1e3a.json]
[geos.market/producto/field-genius-android/feed/index.html]
[geos.market/wp-json/oembed/1.0/embed3e55]
[geos.market/wp-json/wp/v2/product/425.json]
[geos.market/wp-content/uploads/2022/08/microsurvey-field-genius-android-1-150x150.png]
[geos.market/producto/field-genius-android/index.html]
[geos.market/wp-json/oembed/1.0/embed0469.json]
[geos.market/producto/field-genius-windows/feed/index.html]
[geos.market/wp-json/oembed/1.0/embed9587]
[geos.market/wp-json/wp/v2/product/423.json]
[geos.market/wp-content/uploads/2022/08/microsurvey-field-genius-android-150x150.png]
[geos.market/producto/field-genius-windows/index.html]
[geos.market/producto/maptrack/feed/index.html]
[geos.market/wp-json/oembed/1.0/embed65e2.json]
[geos.market/wp-json/oembed/1.0/embedca13]
[geos.market/wp-json/wp/v2/product/389.json]
[geos.market/wp-content/uploads/2022/08/MAPTRACK2_Mesa-de-trabajo-1-150x150.png]
[geos.market/producto/maptrack/index.html]
[geos.market/wp-json/oembed/1.0/embedf263.json]
[geos.market/producto/global-mapper/feed/index.html]
[geos.market/wp-json/oembed/1.0/embed0720]
[geos.market/wp-json/wp/v2/product/421.json]
[geos.market/wp-content/uploads/2022/08/global-mapper-2-150x150.png]
[geos.market/producto/global-mapper/index.html]
[geos.market/wp-json/oembed/1.0/embedd94e.json]
[geos.market/producto/hypack-software/feed/index.html]
[geos.market/wp-json/oembed/1.0/embed0bb7]
[geos.market/wp-json/wp/v2/product/642.json]
[geos.market/wp-content/uploads/2022/09/hypack-logo-150x150.png]
[geos.market/wp-content/uploads/2022/08/HYPACK-Survey.png]
[geos.market/wp-content/uploads/2022/08/HYPACK-MAX-1.png]
[geos.market/wp-content/uploads/2022/08/HYPACK-Office.png]
[geos.market/wp-content/uploads/2022/08/ECHO-SOFTWARE_Mesa-de-trabajo-1.png]
[geos.market/wp-content/uploads/2022/08/CALIDAD-AGUA_Mesa-de-trabajo-1.png]
[geos.market/wp-content/uploads/2022/08/GEOPHYSICS-SOFTWARE_Mesa-de-trabajo-1.png]
[geos.market/wp-content/uploads/2022/08/HYSWEEP-Office.png]
[geos.market/wp-content/uploads/2022/08/HYSWEEP.png]
[geos.market/producto/hypack-software/index.html]
[geos.market/wp-json/oembed/1.0/embed4bd9.json]
[geos.market/producto/imajing-3d-pro/feed/index.html]
[geos.market/wp-json/oembed/1.0/embedfa97]
[geos.market/wp-json/wp/v2/product/393.json]
[geos.market/wp-content/uploads/2022/08/imajing-3Dpro_Mesa-de-trabajo-1-150x150.png]
[geos.market/wp-content/uploads/2022/08/IMAJING-3D-PRO.jpg]
[geos.market/wp-content/uploads/2022/08/IMAJING-3D-PRO-768x396.jpg]
[geos.market/producto/imajing-3d-pro/index.html]
[geos.market/wp-json/oembed/1.0/embeda681.json]
[geos.market/producto/geos-telecom-imajview/feed/index.html]
[geos.market/wp-json/oembed/1.0/embedffbb]
[geos.market/wp-json/wp/v2/product/391.json]
[geos.market/wp-content/uploads/2022/08/imaview_Mesa-de-trabajo-1_Mesa-de-trabajo-1-150x150.png]
[geos.market/producto/geos-telecom-imajview/index.html]
[geos.market/wp-json/oembed/1.0/embed5e2e.json]
[geos.market/producto/pds2000/feed/index.html]
[geos.market/wp-json/oembed/1.0/embede649]
[geos.market/wp-json/wp/v2/product/419.json]
[geos.market/wp-content/uploads/2022/08/software-cover-150x150.png]
[geos.market/producto/pds2000/index.html]
[geos.market/wp-json/oembed/1.0/embed9161.json]
[geos.market/producto/survx/feed/index.html]
[geos.market/wp-json/oembed/1.0/embed9572]
[geos.market/wp-json/wp/v2/product/429.json]
[geos.market/wp-content/uploads/2022/08/survx-3-150x150.png]
[geos.market/producto/survx/index.html]
[geos.market/wp-json/oembed/1.0/embed59cb.json]
[geos.market/producto/survstar/feed/index.html]
[geos.market/wp-json/oembed/1.0/embed3a4f]
[geos.market/wp-json/wp/v2/product/426.json]
[geos.market/wp-content/uploads/2022/08/south-survstar-150x150.png]
[geos.market/producto/survstar/index.html]
[geos.market/wp-json/oembed/1.0/embede64b.json]
[geos.market/producto/540-needle-derma-roller/feed/index.html]
[geos.market/wp-json/oembed/1.0/embed17e0]
[geos.market/wp-json/wp/v2/product/804.json]
[geos.market/wp-content/uploads/2023/02/CUIDO-PERSONAL-10-150x150.png]
[geos.market/wp-content/uploads/2023/02/CUIDO-PERSONAL-08.png]
[geos.market/producto/540-needle-derma-roller/index.html]
[geos.market/wp-json/oembed/1.0/embed96a0.json]
[geos.market/producto/super-thin-skin-scrubber-device/index.html]
[geos.market/producto/7-color-led-mask/feed/index.html]
[geos.market/wp-json/oembed/1.0/embed22a0]
[geos.market/wp-json/wp/v2/product/807.json]
[geos.market/wp-content/uploads/2023/02/CUIDO-PERSONAL-13-150x150.png]
[geos.market/wp-content/uploads/2023/02/CUIDO-PERSONAL-17.png]
[geos.market/producto/7-color-led-mask/index.html]
[geos.market/wp-json/oembed/1.0/embeda9ac.json]
[geos.market/producto/copa-menstrual/feed/index.html]
[geos.market/producto/ph-test-inflamacion-vaginal-kolcaba/index.html]
[geos.market/wp-json/oembed/1.0/embed1a4d]
[geos.market/wp-json/wp/v2/product/809.json]
[geos.market/wp-content/uploads/2023/02/CUIDO-PERSONAL-15-150x150.png]
[geos.market/wp-content/uploads/2023/02/CUIDO-PERSONAL-07.png]
[geos.market/producto/copa-menstrual/index.html]
[geos.market/wp-json/oembed/1.0/embed1b86.json]
[geos.market/producto/skin-scrubber-device/index.html]
[geos.market/producto/cubpre-pezones/feed/index.html]
[geos.market/wp-json/oembed/1.0/embed22d1]
[geos.market/wp-json/wp/v2/product/799.json]
[geos.market/wp-content/uploads/2023/02/CUIDO-PERSONAL-05-150x150.png]
[geos.market/producto/cubpre-pezones/index.html]
[geos.market/producto/easy-pi/feed/index.html]
[geos.market/wp-json/oembed/1.0/embed8c5b.json]
[geos.market/wp-json/oembed/1.0/embed3727]
[geos.market/wp-json/wp/v2/product/796.json]
[geos.market/wp-content/uploads/2023/02/CUIDO-PERSONAL-02-150x150.png]
[geos.market/producto/easy-pi/index.html]
[geos.market/wp-json/oembed/1.0/embedf6e7.json]
[geos.market/producto/easy-pi-man/feed/index.html]
[geos.market/wp-json/oembed/1.0/embed2c6e]
[geos.market/wp-json/wp/v2/product/797.json]
[geos.market/wp-content/uploads/2023/02/CUIDO-PERSONAL-03-150x150.png]
[geos.market/wp-content/uploads/2023/02/CUIDO-PERSONAL-16.png]
[geos.market/producto/easy-pi-man/index.html]
[geos.market/wp-json/oembed/1.0/embeddf4e.json]
[geos.market/producto/ph-test-inflamacion-vaginal/index.html]
[geos.market/producto/ems-rf-facial-lifting-device/feed/index.html]
[geos.market/wp-json/oembed/1.0/embed68f4]
[geos.market/wp-json/wp/v2/product/806.json]
[geos.market/wp-content/uploads/2023/02/CUIDO-PERSONAL-12-150x150.png]
[geos.market/wp-content/uploads/2023/02/CUIDO-PERSONAL-06.png]
[geos.market/producto/ems-rf-facial-lifting-device/index.html]
[geos.market/wp-json/oembed/1.0/embedf597.json]
[geos.market/producto/laser-acne-remove-pen/feed/index.html]
[geos.market/producto/rotate-rf-face-lifting-device/index.html]
[geos.market/wp-json/oembed/1.0/embed85ef]
[geos.market/wp-json/wp/v2/product/808.json]
[geos.market/wp-content/uploads/2023/02/CUIDO-PERSONAL-14-150x150.png]
[geos.market/producto/laser-acne-remove-pen/index.html]
[geos.market/wp-json/oembed/1.0/embed1bfe.json]
[geos.market/producto/mascarilla-vaginal/feed/index.html]
[geos.market/wp-json/oembed/1.0/embed4f5e]
[geos.market/wp-json/wp/v2/product/812.json]
[geos.market/wp-content/uploads/2023/02/CUIDO-PERSONAL-18-150x150.png]
[geos.market/producto/mascarilla-vaginal/index.html]
[geos.market/wp-json/oembed/1.0/embed5df1.json]
[geos.market/producto/mini-rf-device/feed/index.html]
[geos.market/wp-json/oembed/1.0/embedb990]
[geos.market/wp-json/wp/v2/product/805.json]
[geos.market/wp-content/uploads/2023/02/CUIDO-PERSONAL-11-150x150.png]
[geos.market/producto/mini-rf-device/index.html]
[geos.market/wp-json/oembed/1.0/embedaf4c.json]
[geos.market/producto/orinal-easy-pi/feed/index.html]
[geos.market/wp-json/oembed/1.0/embed9f11]
[geos.market/wp-json/wp/v2/product/834.json]
[geos.market/wp-content/uploads/2023/02/CUIDO-PERSONAL_Mesa-de-trabajo-1-150x150.png]
[geos.market/wp-content/uploads/2023/02/CUIDO-PERSONAL-19.png]
[geos.market/producto/orinal-easy-pi/index.html]
[geos.market/producto/parches-para-perdida-de-peso-de-guarana/index.html]
[geos.market/wp-json/oembed/1.0/embed545c.json]
[geos.market/producto/panty-invisible/feed/index.html]
[geos.market/wp-json/oembed/1.0/embed86bb]
[geos.market/wp-json/wp/v2/product/798.json]
[geos.market/wp-content/uploads/2023/02/CUIDO-PERSONAL-04-150x150.png]
[geos.market/producto/panty-invisible/index.html]
[geos.market/categoria-producto/cuido-personal/page/2/index.html]
[geos.market/wp-json/oembed/1.0/embed8db3.json]
[geos.market/producto/encimera-g3200-meizhi/feed/index.html]
[geos.market/wp-json/oembed/1.0/embed267a]
[geos.market/wp-json/wp/v2/product/829.json]
[geos.market/wp-content/uploads/2023/02/SANITARIAS-14-150x150.png]
[geos.market/producto/encimera-g3200-meizhi/index.html]
[geos.market/wp-json/oembed/1.0/embed6171.json]
[geos.market/producto/encimera-g3300-meizhi/feed/index.html]
[geos.market/wp-json/oembed/1.0/embedf31b]
[geos.market/wp-json/wp/v2/product/828.json]
[geos.market/wp-content/uploads/2023/02/SANITARIAS-13-150x150.png]
[geos.market/producto/encimera-g3300-meizhi/index.html]
[geos.market/wp-json/oembed/1.0/embeda7b9.json]
[geos.market/producto/encimera-g3820-meizhi/feed/index.html]
[geos.market/wp-json/oembed/1.0/embedb8fb]
[geos.market/wp-json/wp/v2/product/830.json]
[geos.market/wp-content/uploads/2023/02/SANITARIAS-15-150x150.png]
[geos.market/producto/encimera-g3820-meizhi/index.html]
[geos.market/wp-json/oembed/1.0/embed75e1.json]
[geos.market/producto/encimera-g6150-meizhi/feed/index.html]
[geos.market/wp-json/oembed/1.0/embedc687]
[geos.market/wp-json/wp/v2/product/831.json]
[geos.market/wp-content/uploads/2023/02/SANITARIAS-16-150x150.png]
[geos.market/producto/encimera-g6150-meizhi/index.html]
[geos.market/wp-json/oembed/1.0/embeda01a.json]
[geos.market/producto/encimera-g6360/feed/index.html]
[geos.market/wp-json/oembed/1.0/embed8c2b]
[geos.market/wp-json/wp/v2/product/833.json]
[geos.market/wp-content/uploads/2023/02/SANITARIAS-18-150x150.png]
[geos.market/producto/encimera-g6360/index.html]
[geos.market/wp-json/oembed/1.0/embed8a9c.json]
[geos.market/producto/encimera-g6360-meizhi/feed/index.html]
[geos.market/wp-json/oembed/1.0/embed19e3]
[geos.market/wp-json/wp/v2/product/832.json]
[geos.market/wp-content/uploads/2023/02/SANITARIAS-17-150x150.png]
[geos.market/producto/encimera-g6360-meizhi/index.html]
[geos.market/wp-json/oembed/1.0/embed73b2.json]
[geos.market/producto/inodoro-g10060-meizhi/feed/index.html]
[geos.market/wp-json/oembed/1.0/embedd70b]
[geos.market/wp-json/wp/v2/product/816.json]
[geos.market/wp-content/uploads/2023/02/SANITARIAS-02-150x150.png]
[geos.market/producto/inodoro-g10060-meizhi/index.html]
[geos.market/wp-json/oembed/1.0/embedc631.json]
[geos.market/producto/inodoro-g1009-meizhi/feed/index.html]
[geos.market/wp-json/oembed/1.0/embedc558]
[geos.market/wp-json/wp/v2/product/818.json]
[geos.market/wp-content/uploads/2023/02/SANITARIAS-04-150x150.png]
[geos.market/producto/inodoro-g1009-meizhi/index.html]
[geos.market/wp-json/oembed/1.0/embeda162.json]
[geos.market/producto/inodoro-g10150-meizhi/feed/index.html]
[geos.market/wp-json/oembed/1.0/embed71b3]
[geos.market/wp-json/wp/v2/product/819.json]
[geos.market/wp-content/uploads/2023/02/SANITARIAS-05-150x150.png]
[geos.market/producto/inodoro-g10150-meizhi/index.html]
[geos.market/wp-json/oembed/1.0/embedfd03.json]
[geos.market/producto/inodoro-g10240-meizhi/feed/index.html]
[geos.market/wp-json/oembed/1.0/embedb55c]
[geos.market/wp-json/wp/v2/product/820.json]
[geos.market/wp-content/uploads/2023/02/SANITARIAS-06-150x150.png]
[geos.market/producto/inodoro-g10240-meizhi/index.html]
[geos.market/wp-json/oembed/1.0/embed2e46.json]
[geos.market/producto/inodoro-g10260-meizhi/feed/index.html]
[geos.market/wp-json/oembed/1.0/embed615f]
[geos.market/wp-json/wp/v2/product/817.json]
[geos.market/wp-content/uploads/2023/02/SANITARIAS-03-150x150.png]
[geos.market/producto/inodoro-g10260-meizhi/index.html]
[geos.market/wp-json/oembed/1.0/embedf117.json]
[geos.market/producto/inodoro-g10260-meizhi-2/feed/index.html]
[geos.market/wp-json/oembed/1.0/embed2ad5]
[geos.market/wp-json/wp/v2/product/821.json]
[geos.market/wp-content/uploads/2023/02/SANITARIAS-07-150x150.png]
[geos.market/producto/inodoro-g10260-meizhi-2/index.html]
[geos.market/categoria-producto/sanitarios/page/2/index.html]
[geos.market/wp-json/oembed/1.0/embedfc16.json]
[geos.market/producto/inodoro-gs9990-meizhi/feed/index.html]
[geos.market/wp-json/oembed/1.0/embedfe10]
[geos.market/wp-json/wp/v2/product/815.json]
[geos.market/wp-content/uploads/2023/02/SANITARIAS-01-150x150.png]
[geos.market/producto/inodoro-gs9990-meizhi/index.html]
[geos.market/wp-json/oembed/1.0/embedfd3b.json]
[geos.market/producto/lavamanos-g10280-meizhi/feed/index.html]
[geos.market/wp-json/oembed/1.0/embed5ba6]
[geos.market/wp-json/wp/v2/product/824.json]
[geos.market/wp-content/uploads/2023/02/SANITARIAS-09-150x150.png]
[geos.market/producto/lavamanos-g10280-meizhi/index.html]
[geos.market/wp-json/oembed/1.0/embed1eab.json]
[geos.market/producto/lavamanos-g10310-meizhi/feed/index.html]
[geos.market/wp-json/oembed/1.0/embed1342]
[geos.market/wp-json/wp/v2/product/822.json]
[geos.market/wp-content/uploads/2023/02/SANITARIAS-08-150x150.png]
[geos.market/producto/lavamanos-g10310-meizhi/index.html]
[geos.market/wp-json/oembed/1.0/embede11c.json]
[geos.market/producto/lavamanos-g10320-meizhi/feed/index.html]
[geos.market/wp-json/oembed/1.0/embed28ab]
[geos.market/wp-json/wp/v2/product/827.json]
[geos.market/wp-content/uploads/2023/02/SANITARIAS-12-150x150.png]
[geos.market/producto/lavamanos-g10320-meizhi/index.html]
[geos.market/wp-json/oembed/1.0/embedaf79.json]
[geos.market/producto/lavamanos-g10480-meizhi/feed/index.html]
[geos.market/wp-json/oembed/1.0/embed408f]
[geos.market/wp-json/wp/v2/product/825.json]
[geos.market/wp-content/uploads/2023/02/SANITARIAS-10-150x150.png]
[geos.market/producto/lavamanos-g10480-meizhi/index.html]
[geos.market/wp-json/oembed/1.0/embed38c5.json]
[geos.market/producto/lavamanos-g9650-meizhi/feed/index.html]
[geos.market/wp-json/oembed/1.0/embed9901]
[geos.market/wp-json/wp/v2/product/826.json]
[geos.market/wp-content/uploads/2023/02/SANITARIAS-11-150x150.png]
[geos.market/producto/lavamanos-g9650-meizhi/index.html]
[geos.market/wp-content/plugins/woocommerce/assets/css/photoswipe/default-skin/default-skin.png]
[geos.market/wp-content/plugins/woocommerce/assets/css/photoswipe/photoswipe.min67b1.css]
[geos.market/wp-content/plugins/woocommerce/assets/css/photoswipe/default-skin/default-skin.svg]
[geos.market/wp-content/plugins/woocommerce/assets/css/photoswipe/default-skin/preloader.gif]
[geos.market/wp-content/plugins/woocommerce/assets/css/photoswipe/default-skin/default-skin.min67b1.css]
[geos.market/index9f44.html]
[geos.market/wp-includes/js/mediaelement/mejs-controls.svg]
[geos.market/wp-includes/js/mediaelement/mediaelementplayer-legacy.min1f61.css]
[geos.market/wp-includes/js/mediaelement/wp-mediaelement.minb34e.css]
[geos.market/shop/page/2/index.html]
[geos.market/shop/page/3/index.html]
[geos.market/shop/page/4/index.html]
[geos.market/shop/page/7/index.html]
[geos.market/shop/page/8/index.html]
[geos.market/shop/page/9/index.html]
[geos.market/indexb753.html]
[geos.market/wp-content/plugins/js_composer/assets/lib/bower/font-awesome/webfonts/fa-brands-400.svg]
[geos.market/wp-content/plugins/js_composer/assets/lib/bower/font-awesome/webfonts/fa-regular-400.svg]
[geos.market/wp-content/plugins/js_composer/assets/lib/bower/font-awesome/webfonts/fa-solid-900.svg]
[geos.market/index8e1b.html]
[geos.market/index7d69.html]
[geos.market/index3786.html]
[geos.market/indexc61d.html]
[geos.market/index7d3e.html]
[geos.market/index92c3.html]
[geos.market/index2a95.html]
[geos.market/indexdd92.html]
[geos.market/index67bc.html]
[geos.market/index4ef8.html]
[geos.market/indexb253.html]
[geos.market/index0776.html]
[geos.market/categoria-producto/topograficos/page/1/index.html]
[geos.market/index7dad.html]
[geos.market/index0b1f.html]
[geos.market/index9076.html]
[geos.market/index45c8.html]
[geos.market/index30e3.html]
[geos.market/indexd0b8.html]
[geos.market/index486a.html]
[geos.market/index8902.html]
[geos.market/index8f9f.html]
[geos.market/indexaa07.html]
[geos.market/index6cd8.html]
[geos.market/indexc8e5.html]
[geos.market/index07ee.html]
[geos.market/index4720.html]
[geos.market/index8844.html]
[geos.market/indexb648.html]
[geos.market/index63fb.html]
[geos.market/indexefce.html]
[geos.market/index3cee.html]
[geos.market/index4bd3.html]
[geos.market/indexf47a.html]
[geos.market/index71fc.html]
[geos.market/index12e9.html]
[geos.market/indexf1ac.html]
[geos.market/indexe8d3.html]
[geos.market/index1caa.html]
[geos.market/index0dc6.html]
[geos.market/index3f97.html]
[geos.market/index0566.html]
[geos.market/index2132.html]
[geos.market/index55d4.html]
[geos.market/index264a.html]
[geos.market/indexc3ba.html]
[geos.market/index9222.html]
[geos.market/indexe4db.html]
[geos.market/index0364.html]
[geos.market/index221f.html]
[geos.market/index601c.html]
[geos.market/indexb247.html]
[geos.market/indexc2ef.html]
[geos.market/index50ca.html]
[geos.market/index8fec.html]
[geos.market/indexc9bf.html]
[geos.market/indexf5a4.html]
[geos.market/indexd06c.html]
[geos.market/index27ac.html]
[geos.market/indexb351.html]
[geos.market/index2325.html]
[geos.market/index504f.html]
[geos.market/indexd1c3.html]
[geos.market/indexa9ab.html]
[geos.market/index64d4.html]
[geos.market/indexbdfa.html]
[geos.market/indexedce.html]
[geos.market/index2202.html]
[geos.market/index60e8.html]
[geos.market/shop/page/6/index.html]
[geos.market/shop/page/5/index.html]
[geos.market/producto/super-thin-skin-scrubber-device/feed/index.html]
[geos.market/wp-json/oembed/1.0/embed4768.json]
[geos.market/wp-json/oembed/1.0/embed4818]
[geos.market/wp-json/wp/v2/product/803.json]
[geos.market/wp-content/uploads/2023/02/CUIDO-PERSONAL-08-150x150.png]
[geos.market/producto/super-thin-skin-scrubber-device/index.html]
[geos.market/index0d13.html]
[geos.market/wp-json/oembed/1.0/embedbc60.json]
[geos.market/producto/ph-test-inflamacion-vaginal-kolcaba/feed/index.html]
[geos.market/wp-json/oembed/1.0/embed8a99]
[geos.market/wp-json/wp/v2/product/811.json]
[geos.market/wp-content/uploads/2023/02/CUIDO-PERSONAL-17-150x150.png]
[geos.market/producto/ph-test-inflamacion-vaginal-kolcaba/index.html]
[geos.market/indexf53a.html]
[geos.market/wp-json/oembed/1.0/embed85ec.json]
[geos.market/producto/skin-scrubber-device/feed/index.html]
[geos.market/wp-json/oembed/1.0/embeded03]
[geos.market/wp-json/wp/v2/product/802.json]
[geos.market/wp-content/uploads/2023/02/CUIDO-PERSONAL-07-150x150.png]
[geos.market/producto/skin-scrubber-device/index.html]
[geos.market/indexa49c.html]
[geos.market/index89d2.html]
[geos.market/index1ca9.html]
[geos.market/wp-json/oembed/1.0/embede768.json]
[geos.market/producto/ph-test-inflamacion-vaginal/feed/index.html]
[geos.market/wp-json/oembed/1.0/embeda232]
[geos.market/wp-json/wp/v2/product/810.json]
[geos.market/wp-content/uploads/2023/02/CUIDO-PERSONAL-16-150x150.png]
[geos.market/producto/ph-test-inflamacion-vaginal/index.html]
[geos.market/index20df.html]
[geos.market/wp-json/oembed/1.0/embed78e4.json]
[geos.market/producto/rotate-rf-face-lifting-device/feed/index.html]
[geos.market/wp-json/oembed/1.0/embed4552]
[geos.market/wp-json/wp/v2/product/800.json]
[geos.market/wp-content/uploads/2023/02/CUIDO-PERSONAL-06-150x150.png]
[geos.market/producto/rotate-rf-face-lifting-device/index.html]
[geos.market/indexef2e.html]
[geos.market/index4e02.html]
[geos.market/index028e.html]
[geos.market/indexe9c6.html]
[geos.market/wp-json/oembed/1.0/embeda311.json]
[geos.market/producto/parches-para-perdida-de-peso-de-guarana/feed/index.html]
[geos.market/wp-json/oembed/1.0/embed244a]
[geos.market/wp-json/wp/v2/product/813.json]
[geos.market/wp-content/uploads/2023/02/CUIDO-PERSONAL-19-150x150.png]
[geos.market/producto/parches-para-perdida-de-peso-de-guarana/index.html]
[geos.market/index8ae4.html]
[geos.market/categoria-producto/cuido-personal/page/1/index.html]
[geos.market/indexf9af.html]
[geos.market/indexe4dc.html]
[geos.market/index975e.html]
[geos.market/index89f6.html]
[geos.market/index6fdb.html]
[geos.market/index59f6.html]
[geos.market/indexe5c7.html]
[geos.market/indexefa2.html]
[geos.market/index094a.html]
[geos.market/indexccf0.html]
[geos.market/indexeba0.html]
[geos.market/index6d2c.html]
[geos.market/categoria-producto/sanitarios/page/1/index.html]
[geos.market/indexe398.html]
[geos.market/indexa3d8.html]
[geos.market/indexaaf8.html]
[geos.market/indexc6a5.html]
[geos.market/indexee96.html]
[geos.market/indexf689.html]
[geos.market/wp-content/plugins/woocommerce/assets/css/photoswipe/default-skin/default-skin.svg]
[geos.market/wp-includes/js/mediaelement/mejs-controls.svg]
[geos.market/shop/page/1/index.html]
[geos.market/shop/page/5/index.html]
[geos.market/shop/page/6/index.html]
[import.getbowtied.com/thehanger/wp-content/themes/the-hanger/images/footer/payment-icon-visa.png]
[import.getbowtied.com/thehanger/wp-content/themes/the-hanger/images/footer/payment-icon-mastercard.png]
[import.getbowtied.com/thehanger/wp-content/themes/the-hanger/images/footer/payment-icon-amex.png]
[geos.market/index9628.html]
[geos.market/index2ec5.html]
[geos.market/indexe98c.html]
[geos.market/index7efb.html]
[geos.market/indexcb2d.html]
[geos.market/index9ab8.html]
